ILI9341_STM32_Driver.c:7:6:HAL_SPI_TxCpltCallback	16	static
ILI9341_STM32_Driver.c:16:13:ILI9341_SPI_Tx	16	static
ILI9341_STM32_Driver.c:23:13:ILI9341_SPI_TxBuffer	16	static
ILI9341_STM32_Driver.c:30:6:ILI9341_WriteCommand	16	static
ILI9341_STM32_Driver.c:38:6:ILI9341_WriteData	16	static
ILI9341_STM32_Driver.c:46:6:ILI9341_WriteBuffer	16	static
ILI9341_STM32_Driver.c:54:6:ILI9341_SetAddress	32	static
ILI9341_STM32_Driver.c:76:6:ILI9341_Reset	8	static
ILI9341_STM32_Driver.c:86:6:ILI9341_Enable	8	static
ILI9341_STM32_Driver.c:91:6:ILI9341_Init	8	static
ILI9341_STM32_Driver.c:228:6:ILI9341_SetRotation	16	static
ILI9341_STM32_Driver.c:260:6:ILI9341_DrawColor	24	static
ILI9341_STM32_Driver.c:266:6:ILI9341_DrawColorBurst	64	dynamic
ILI9341_STM32_Driver.c:307:6:ILI9341_FillScreen	16	static
ILI9341_STM32_Driver.c:313:6:ILI9341_DrawPixel	32	static
ILI9341_STM32_Driver.c:331:6:ILI9341_DrawRectangle	24	static
ILI9341_STM32_Driver.c:349:6:ILI9341_DrawHLine	24	static
ILI9341_STM32_Driver.c:362:6:ILI9341_DrawVLine	24	static
