Archive member included to satisfy reference by file (symbol)

c:/st/stm32cubeide_1.8.0/stm32cubeide/plugins/com.st.stm32cube.ide.mcu.externaltools.gnu-tools-for-stm32.9-2020-q2-update.win32_2.0.0.202105311346/tools/bin/../lib/gcc/arm-none-eabi/9.3.1/../../../../arm-none-eabi/lib/thumb/v7e-m+fp/hard\libc_nano.a(lib_a-exit.o)
                              c:/st/stm32cubeide_1.8.0/stm32cubeide/plugins/com.st.stm32cube.ide.mcu.externaltools.gnu-tools-for-stm32.9-2020-q2-update.win32_2.0.0.202105311346/tools/bin/../lib/gcc/arm-none-eabi/9.3.1/../../../../arm-none-eabi/lib/thumb/v7e-m+fp/hard/crt0.o (exit)
c:/st/stm32cubeide_1.8.0/stm32cubeide/plugins/com.st.stm32cube.ide.mcu.externaltools.gnu-tools-for-stm32.9-2020-q2-update.win32_2.0.0.202105311346/tools/bin/../lib/gcc/arm-none-eabi/9.3.1/../../../../arm-none-eabi/lib/thumb/v7e-m+fp/hard\libc_nano.a(lib_a-impure.o)
                              c:/st/stm32cubeide_1.8.0/stm32cubeide/plugins/com.st.stm32cube.ide.mcu.externaltools.gnu-tools-for-stm32.9-2020-q2-update.win32_2.0.0.202105311346/tools/bin/../lib/gcc/arm-none-eabi/9.3.1/../../../../arm-none-eabi/lib/thumb/v7e-m+fp/hard\libc_nano.a(lib_a-exit.o) (_global_impure_ptr)
c:/st/stm32cubeide_1.8.0/stm32cubeide/plugins/com.st.stm32cube.ide.mcu.externaltools.gnu-tools-for-stm32.9-2020-q2-update.win32_2.0.0.202105311346/tools/bin/../lib/gcc/arm-none-eabi/9.3.1/../../../../arm-none-eabi/lib/thumb/v7e-m+fp/hard\libc_nano.a(lib_a-init.o)
                              c:/st/stm32cubeide_1.8.0/stm32cubeide/plugins/com.st.stm32cube.ide.mcu.externaltools.gnu-tools-for-stm32.9-2020-q2-update.win32_2.0.0.202105311346/tools/bin/../lib/gcc/arm-none-eabi/9.3.1/../../../../arm-none-eabi/lib/thumb/v7e-m+fp/hard/crt0.o (__libc_init_array)
c:/st/stm32cubeide_1.8.0/stm32cubeide/plugins/com.st.stm32cube.ide.mcu.externaltools.gnu-tools-for-stm32.9-2020-q2-update.win32_2.0.0.202105311346/tools/bin/../lib/gcc/arm-none-eabi/9.3.1/../../../../arm-none-eabi/lib/thumb/v7e-m+fp/hard\libc_nano.a(lib_a-memcpy-stub.o)
                              ./FreeRTOS/queue.o (memcpy)
c:/st/stm32cubeide_1.8.0/stm32cubeide/plugins/com.st.stm32cube.ide.mcu.externaltools.gnu-tools-for-stm32.9-2020-q2-update.win32_2.0.0.202105311346/tools/bin/../lib/gcc/arm-none-eabi/9.3.1/../../../../arm-none-eabi/lib/thumb/v7e-m+fp/hard\libc_nano.a(lib_a-memset.o)
                              c:/st/stm32cubeide_1.8.0/stm32cubeide/plugins/com.st.stm32cube.ide.mcu.externaltools.gnu-tools-for-stm32.9-2020-q2-update.win32_2.0.0.202105311346/tools/bin/../lib/gcc/arm-none-eabi/9.3.1/../../../../arm-none-eabi/lib/thumb/v7e-m+fp/hard/crt0.o (memset)
c:/st/stm32cubeide_1.8.0/stm32cubeide/plugins/com.st.stm32cube.ide.mcu.externaltools.gnu-tools-for-stm32.9-2020-q2-update.win32_2.0.0.202105311346/tools/bin/../lib/gcc/arm-none-eabi/9.3.1/../../../../arm-none-eabi/lib/thumb/v7e-m+fp/hard\libc_nano.a(lib_a-strlen.o)
                              ./Core/Src/main.o (strlen)
c:/st/stm32cubeide_1.8.0/stm32cubeide/plugins/com.st.stm32cube.ide.mcu.externaltools.gnu-tools-for-stm32.9-2020-q2-update.win32_2.0.0.202105311346/tools/bin/../lib/gcc/arm-none-eabi/9.3.1/thumb/v7e-m+fp/hard\libgcc.a(_aeabi_uldivmod.o)
                              ./Drivers/STM32F4xx_HAL_Driver/Src/stm32f4xx_hal_rcc.o (__aeabi_uldivmod)
c:/st/stm32cubeide_1.8.0/stm32cubeide/plugins/com.st.stm32cube.ide.mcu.externaltools.gnu-tools-for-stm32.9-2020-q2-update.win32_2.0.0.202105311346/tools/bin/../lib/gcc/arm-none-eabi/9.3.1/thumb/v7e-m+fp/hard\libgcc.a(_udivmoddi4.o)
                              c:/st/stm32cubeide_1.8.0/stm32cubeide/plugins/com.st.stm32cube.ide.mcu.externaltools.gnu-tools-for-stm32.9-2020-q2-update.win32_2.0.0.202105311346/tools/bin/../lib/gcc/arm-none-eabi/9.3.1/thumb/v7e-m+fp/hard\libgcc.a(_aeabi_uldivmod.o) (__udivmoddi4)
c:/st/stm32cubeide_1.8.0/stm32cubeide/plugins/com.st.stm32cube.ide.mcu.externaltools.gnu-tools-for-stm32.9-2020-q2-update.win32_2.0.0.202105311346/tools/bin/../lib/gcc/arm-none-eabi/9.3.1/thumb/v7e-m+fp/hard\libgcc.a(_dvmd_tls.o)
                              c:/st/stm32cubeide_1.8.0/stm32cubeide/plugins/com.st.stm32cube.ide.mcu.externaltools.gnu-tools-for-stm32.9-2020-q2-update.win32_2.0.0.202105311346/tools/bin/../lib/gcc/arm-none-eabi/9.3.1/thumb/v7e-m+fp/hard\libgcc.a(_aeabi_uldivmod.o) (__aeabi_ldiv0)
c:/st/stm32cubeide_1.8.0/stm32cubeide/plugins/com.st.stm32cube.ide.mcu.externaltools.gnu-tools-for-stm32.9-2020-q2-update.win32_2.0.0.202105311346/tools/bin/../lib/gcc/arm-none-eabi/9.3.1/../../../../arm-none-eabi/lib/thumb/v7e-m+fp/hard\libnosys.a(_exit.o)
                              c:/st/stm32cubeide_1.8.0/stm32cubeide/plugins/com.st.stm32cube.ide.mcu.externaltools.gnu-tools-for-stm32.9-2020-q2-update.win32_2.0.0.202105311346/tools/bin/../lib/gcc/arm-none-eabi/9.3.1/../../../../arm-none-eabi/lib/thumb/v7e-m+fp/hard\libc_nano.a(lib_a-exit.o) (_exit)

Allocating common symbols
Common symbol       size              file

[...]
Memory Configuration

Name             Origin             Length             Attributes
CCMRAM           0x0000000010000000 0x0000000000010000 xrw
RAM              0x0000000020000000 0x0000000000020000 xrw
FLASH            0x0000000008000000 0x0000000000100000 xr
*default*        0x0000000000000000 0xffffffffffffffff

Linker script and memory map

LOAD c:/st/stm32cubeide_1.8.0/stm32cubeide/plugins/com.st.stm32cube.ide.mcu.externaltools.gnu-tools-for-stm32.9-2020-q2-update.win32_2.0.0.202105311346/tools/bin/../lib/gcc/arm-none-eabi/9.3.1/thumb/v7e-m+fp/hard/crti.o
LOAD c:/st/stm32cubeide_1.8.0/stm32cubeide/plugins/com.st.stm32cube.ide.mcu.externaltools.gnu-tools-for-stm32.9-2020-q2-update.win32_2.0.0.202105311346/tools/bin/../lib/gcc/arm-none-eabi/9.3.1/thumb/v7e-m+fp/hard/crtbegin.o
LOAD c:/st/stm32cubeide_1.8.0/stm32cubeide/plugins/com.st.stm32cube.ide.mcu.externaltools.gnu-tools-for-stm32.9-2020-q2-update.win32_2.0.0.202105311346/tools/bin/../lib/gcc/arm-none-eabi/9.3.1/../../../../arm-none-eabi/lib/thumb/v7e-m+fp/hard/crt0.o
LOAD ./Core/Src/ILI9341_GFX.o
LOAD ./Core/Src/ILI9341_STM32_Driver.o
LOAD ./Core/Src/ILI9341_Touch.o
LOAD ./Core/Src/fonts.o
LOAD ./Core/Src/main.o
LOAD ./Core/Src/stm32f4xx_hal_msp.o
LOAD ./Core/Src/stm32f4xx_it.o
LOAD ./Core/Src/system_stm32f4xx.o
LOAD ./Core/startup/startup_stm32f407xx.o
LOAD ./Drivers/STM32F4xx_HAL_Driver/Src/stm32f4xx_hal.o
LOAD ./Drivers/STM32F4xx_HAL_Driver/Src/stm32f4xx_hal_cortex.o
LOAD ./Drivers/STM32F4xx_HAL_Driver/Src/stm32f4xx_hal_dma.o
LOAD ./Drivers/STM32F4xx_HAL_Driver/Src/stm32f4xx_hal_dma_ex.o
LOAD ./Drivers/STM32F4xx_HAL_Driver/Src/stm32f4xx_hal_exti.o
LOAD ./Drivers/STM32F4xx_HAL_Driver/Src/stm32f4xx_hal_flash.o
LOAD ./Drivers/STM32F4xx_HAL_Driver/Src/stm32f4xx_hal_flash_ex.o
LOAD ./Drivers/STM32F4xx_HAL_Driver/Src/stm32f4xx_hal_flash_ramfunc.o
LOAD ./Drivers/STM32F4xx_HAL_Driver/Src/stm32f4xx_hal_gpio.o
LOAD ./Drivers/STM32F4xx_HAL_Driver/Src/stm32f4xx_hal_pwr.o
LOAD ./Drivers/STM32F4xx_HAL_Driver/Src/stm32f4xx_hal_pwr_ex.o
LOAD ./Drivers/STM32F4xx_HAL_Driver/Src/stm32f4xx_hal_rcc.o
LOAD ./Drivers/STM32F4xx_HAL_Driver/Src/stm32f4xx_hal_rcc_ex.o
LOAD ./Drivers/STM32F4xx_HAL_Driver/Src/stm32f4xx_hal_rng.o
LOAD ./Drivers/STM32F4xx_HAL_Driver/Src/stm32f4xx_hal_spi.o
LOAD ./Drivers/STM32F4xx_HAL_Driver/Src/stm32f4xx_hal_tim.o
LOAD ./Drivers/STM32F4xx_HAL_Driver/Src/stm32f4xx_hal_tim_ex.o
LOAD ./Drivers/STM32F4xx_HAL_Driver/Src/stm32f4xx_hal_uart.o
LOAD ./FreeRTOS/croutine.o
LOAD ./FreeRTOS/event_groups.o
LOAD ./FreeRTOS/list.o
LOAD ./FreeRTOS/queue.o
LOAD ./FreeRTOS/stream_buffer.o
LOAD ./FreeRTOS/tasks.o
LOAD ./FreeRTOS/timers.o
LOAD ./FreeRTOS/portable/ARM_CM4F/port.o
LOAD ./FreeRTOS/portable/heap_4.o
START GROUP
LOAD c:/st/stm32cubeide_1.8.0/stm32cubeide/plugins/com.st.stm32cube.ide.mcu.externaltools.gnu-tools-for-stm32.9-2020-q2-update.win32_2.0.0.202105311346/tools/bin/../lib/gcc/arm-none-eabi/9.3.1/../../../../arm-none-eabi/lib/thumb/v7e-m+fp/hard\libc_nano.a
LOAD c:/st/stm32cubeide_1.8.0/stm32cubeide/plugins/com.st.stm32cube.ide.mcu.externaltools.gnu-tools-for-stm32.9-2020-q2-update.win32_2.0.0.202105311346/tools/bin/../lib/gcc/arm-none-eabi/9.3.1/../../../../arm-none-eabi/lib/thumb/v7e-m+fp/hard\libm.a
END GROUP
START GROUP
LOAD c:/st/stm32cubeide_1.8.0/stm32cubeide/plugins/com.st.stm32cube.ide.mcu.externaltools.gnu-tools-for-stm32.9-2020-q2-update.win32_2.0.0.202105311346/tools/bin/../lib/gcc/arm-none-eabi/9.3.1/thumb/v7e-m+fp/hard\libgcc.a
LOAD c:/st/stm32cubeide_1.8.0/stm32cubeide/plugins/com.st.stm32cube.ide.mcu.externaltools.gnu-tools-for-stm32.9-2020-q2-update.win32_2.0.0.202105311346/tools/bin/../lib/gcc/arm-none-eabi/9.3.1/../../../../arm-none-eabi/lib/thumb/v7e-m+fp/hard\libc_nano.a
END GROUP
START GROUP
LOAD c:/st/stm32cubeide_1.8.0/stm32cubeide/plugins/com.st.stm32cube.ide.mcu.externaltools.gnu-tools-for-stm32.9-2020-q2-update.win32_2.0.0.202105311346/tools/bin/../lib/gcc/arm-none-eabi/9.3.1/thumb/v7e-m+fp/hard\libgcc.a
LOAD c:/st/stm32cubeide_1.8.0/stm32cubeide/plugins/com.st.stm32cube.ide.mcu.externaltools.gnu-tools-for-stm32.9-2020-q2-update.win32_2.0.0.202105311346/tools/bin/../lib/gcc/arm-none-eabi/9.3.1/../../../../arm-none-eabi/lib/thumb/v7e-m+fp/hard\libc_nano.a
LOAD c:/st/stm32cubeide_1.8.0/stm32cubeide/plugins/com.st.stm32cube.ide.mcu.externaltools.gnu-tools-for-stm32.9-2020-q2-update.win32_2.0.0.202105311346/tools/bin/../lib/gcc/arm-none-eabi/9.3.1/../../../../arm-none-eabi/lib/thumb/v7e-m+fp/hard\libnosys.a
END GROUP
START GROUP
LOAD c:/st/stm32cubeide_1.8.0/stm32cubeide/plugins/com.st.stm32cube.ide.mcu.externaltools.gnu-tools-for-stm32.9-2020-q2-update.win32_2.0.0.202105311346/tools/bin/../lib/gcc/arm-none-eabi/9.3.1/thumb/v7e-m+fp/hard\libgcc.a
LOAD c:/st/stm32cubeide_1.8.0/stm32cubeide/plugins/com.st.stm32cube.ide.mcu.externaltools.gnu-tools-for-stm32.9-2020-q2-update.win32_2.0.0.202105311346/tools/bin/../lib/gcc/arm-none-eabi/9.3.1/../../../../arm-none-eabi/lib/thumb/v7e-m+fp/hard\libc_nano.a
LOAD c:/st/stm32cubeide_1.8.0/stm32cubeide/plugins/com.st.stm32cube.ide.mcu.externaltools.gnu-tools-for-stm32.9-2020-q2-update.win32_2.0.0.202105311346/tools/bin/../lib/gcc/arm-none-eabi/9.3.1/../../../../arm-none-eabi/lib/thumb/v7e-m+fp/hard\libnosys.a
END GROUP
LOAD c:/st/stm32cubeide_1.8.0/stm32cubeide/plugins/com.st.stm32cube.ide.mcu.externaltools.gnu-tools-for-stm32.9-2020-q2-update.win32_2.0.0.202105311346/tools/bin/../lib/gcc/arm-none-eabi/9.3.1/thumb/v7e-m+fp/hard/crtend.o
LOAD c:/st/stm32cubeide_1.8.0/stm32cubeide/plugins/com.st.stm32cube.ide.mcu.externaltools.gnu-tools-for-stm32.9-2020-q2-update.win32_2.0.0.202105311346/tools/bin/../lib/gcc/arm-none-eabi/9.3.1/thumb/v7e-m+fp/hard/crtn.o
                0x0000000020020000                _estack = (ORIGIN (RAM) + LENGTH (RAM))
                0x0000000000000200                _Min_Heap_Size = 0x200
                0x0000000000000400                _Min_Stack_Size = 0x400

.isr_vector     0x0000000008000000      0x188
                0x0000000008000000                . = ALIGN (0x4)
 *(.isr_vector)
 .isr_vector    0x0000000008000000      0x188 ./Core/startup/startup_stm32f407xx.o
                0x0000000008000000                g_pfnVectors
                0x0000000008000188                . = ALIGN (0x4)

.text           0x0000000008000190     0x6ba8
                0x0000000008000190                . = ALIGN (0x4)
 *(.text)
 .text          0x0000000008000190       0x40 c:/st/stm32cubeide_1.8.0/stm32cubeide/plugins/com.st.stm32cube.ide.mcu.externaltools.gnu-tools-for-stm32.9-2020-q2-update.win32_2.0.0.202105311346/tools/bin/../lib/gcc/arm-none-eabi/9.3.1/thumb/v7e-m+fp/hard/crtbegin.o
 .text          0x00000000080001d0       0x10 c:/st/stm32cubeide_1.8.0/stm32cubeide/plugins/com.st.stm32cube.ide.mcu.externaltools.gnu-tools-for-stm32.9-2020-q2-update.win32_2.0.0.202105311346/tools/bin/../lib/gcc/arm-none-eabi/9.3.1/../../../../arm-none-eabi/lib/thumb/v7e-m+fp/hard\libc_nano.a(lib_a-strlen.o)
                0x00000000080001d0                strlen
 .text          0x00000000080001e0       0x30 c:/st/stm32cubeide_1.8.0/stm32cubeide/plugins/com.st.stm32cube.ide.mcu.externaltools.gnu-tools-for-stm32.9-2020-q2-update.win32_2.0.0.202105311346/tools/bin/../lib/gcc/arm-none-eabi/9.3.1/thumb/v7e-m+fp/hard\libgcc.a(_aeabi_uldivmod.o)
                0x00000000080001e0                __aeabi_uldivmod
 .text          0x0000000008000210      0x2c4 c:/st/stm32cubeide_1.8.0/stm32cubeide/plugins/com.st.stm32cube.ide.mcu.externaltools.gnu-tools-for-stm32.9-2020-q2-update.win32_2.0.0.202105311346/tools/bin/../lib/gcc/arm-none-eabi/9.3.1/thumb/v7e-m+fp/hard\libgcc.a(_udivmoddi4.o)
                0x0000000008000210                __udivmoddi4
 .text          0x00000000080004d4        0x4 c:/st/stm32cubeide_1.8.0/stm32cubeide/plugins/com.st.stm32cube.ide.mcu.externaltools.gnu-tools-for-stm32.9-2020-q2-update.win32_2.0.0.202105311346/tools/bin/../lib/gcc/arm-none-eabi/9.3.1/thumb/v7e-m+fp/hard\libgcc.a(_dvmd_tls.o)
                0x00000000080004d4                __aeabi_idiv0
                0x00000000080004d4                __aeabi_ldiv0
 *(.text*)
 .text.ILI9341_DrawChar
                0x00000000080004d8       0xea ./Core/Src/ILI9341_GFX.o
                0x00000000080004d8                ILI9341_DrawChar
 .text.ILI9341_DrawText
                0x00000000080005c2       0x92 ./Core/Src/ILI9341_GFX.o
                0x00000000080005c2                ILI9341_DrawText
 .text.HAL_SPI_TxCpltCallback
                0x0000000008000654       0x2c ./Core/Src/ILI9341_STM32_Driver.o
                0x0000000008000654                HAL_SPI_TxCpltCallback
 .text.ILI9341_SPI_Tx
                0x0000000008000680       0x34 ./Core/Src/ILI9341_STM32_Driver.o
 .text.ILI9341_SPI_TxBuffer
                0x00000000080006b4       0x34 ./Core/Src/ILI9341_STM32_Driver.o
 .text.ILI9341_WriteCommand
                0x00000000080006e8       0x34 ./Core/Src/ILI9341_STM32_Driver.o
                0x00000000080006e8                ILI9341_WriteCommand
 .text.ILI9341_WriteData
                0x000000000800071c       0x3c ./Core/Src/ILI9341_STM32_Driver.o
                0x000000000800071c                ILI9341_WriteData
 .text.ILI9341_WriteBuffer
                0x0000000008000758       0x40 ./Core/Src/ILI9341_STM32_Driver.o
                0x0000000008000758                ILI9341_WriteBuffer
 .text.ILI9341_SetAddress
                0x0000000008000798       0x90 ./Core/Src/ILI9341_STM32_Driver.o
                0x0000000008000798                ILI9341_SetAddress
 .text.ILI9341_Reset
                0x0000000008000828       0x40 ./Core/Src/ILI9341_STM32_Driver.o
                0x0000000008000828                ILI9341_Reset
 .text.ILI9341_Enable
                0x0000000008000868       0x18 ./Core/Src/ILI9341_STM32_Driver.o
                0x0000000008000868                ILI9341_Enable
 .text.ILI9341_Init
                0x0000000008000880      0x214 ./Core/Src/ILI9341_STM32_Driver.o
                0x0000000008000880                ILI9341_Init
 .text.ILI9341_SetRotation
                0x0000000008000a94       0xa0 ./Core/Src/ILI9341_STM32_Driver.o
                0x0000000008000a94                ILI9341_SetRotation
 .text.ILI9341_DrawColorBurst
                0x0000000008000b34      0x12c ./Core/Src/ILI9341_STM32_Driver.o
                0x0000000008000b34                ILI9341_DrawColorBurst
 .text.ILI9341_FillScreen
                0x0000000008000c60       0x4c ./Core/Src/ILI9341_STM32_Driver.o
                0x0000000008000c60                ILI9341_FillScreen
 .text.ILI9341_DrawPixel
                0x0000000008000cac       0xcc ./Core/Src/ILI9341_STM32_Driver.o
                0x0000000008000cac                ILI9341_DrawPixel
 .text.ILI9341_DrawRectangle
                0x0000000008000d78       0xb8 ./Core/Src/ILI9341_STM32_Driver.o
                0x0000000008000d78                ILI9341_DrawRectangle
 .text.ili9341_touch_pressed
                0x0000000008000e30       0x24 ./Core/Src/ILI9341_Touch.o
                0x0000000008000e30                ili9341_touch_pressed
 .text.ili9341_coordinate_transform
                0x0000000008000e54       0x80 ./Core/Src/ILI9341_Touch.o
                0x0000000008000e54                ili9341_coordinate_transform
 .text.ili9341_touch_coordinate
                0x0000000008000ed4      0x14c ./Core/Src/ILI9341_Touch.o
                0x0000000008000ed4                ili9341_touch_coordinate
 .text.test     0x0000000008001020       0x20 ./Core/Src/main.o
                0x0000000008001020                test
 .text.Touch_detect
                0x0000000008001040       0xd8 ./Core/Src/main.o
                0x0000000008001040                Touch_detect
 .text.screen   0x0000000008001118      0x18c ./Core/Src/main.o
                0x0000000008001118                screen
 .text.main     0x00000000080012a4       0x90 ./Core/Src/main.o
                0x00000000080012a4                main
 .text.SystemClock_Config
                0x0000000008001334       0xd4 ./Core/Src/main.o
                0x0000000008001334                SystemClock_Config
 .text.MX_RNG_Init
                0x0000000008001408       0x28 ./Core/Src/main.o
 .text.MX_SPI1_Init
                0x0000000008001430       0x6c ./Core/Src/main.o
 .text.MX_UART4_Init
                0x000000000800149c       0x54 ./Core/Src/main.o
 .text.MX_USART2_UART_Init
                0x00000000080014f0       0x54 ./Core/Src/main.o
 .text.MX_DMA_Init
                0x0000000008001544       0x40 ./Core/Src/main.o
 .text.MX_GPIO_Init
                0x0000000008001584      0x118 ./Core/Src/main.o
 .text.Error_Handler
                0x000000000800169c        0x6 ./Core/Src/main.o
                0x000000000800169c                Error_Handler
 *fill*         0x00000000080016a2        0x2 
 .text.HAL_MspInit
                0x00000000080016a4       0x50 ./Core/Src/stm32f4xx_hal_msp.o
                0x00000000080016a4                HAL_MspInit
 .text.HAL_RNG_MspInit
                0x00000000080016f4       0x44 ./Core/Src/stm32f4xx_hal_msp.o
                0x00000000080016f4                HAL_RNG_MspInit
 .text.HAL_SPI_MspInit
                0x0000000008001738      0x104 ./Core/Src/stm32f4xx_hal_msp.o
                0x0000000008001738                HAL_SPI_MspInit
 .text.HAL_UART_MspInit
                0x000000000800183c       0xf8 ./Core/Src/stm32f4xx_hal_msp.o
                0x000000000800183c                HAL_UART_MspInit
 .text.NMI_Handler
                0x0000000008001934        0xe ./Core/Src/stm32f4xx_it.o
                0x0000000008001934                NMI_Handler
 .text.HardFault_Handler
                0x0000000008001942        0x6 ./Core/Src/stm32f4xx_it.o
                0x0000000008001942                HardFault_Handler
 .text.MemManage_Handler
                0x0000000008001948        0x6 ./Core/Src/stm32f4xx_it.o
                0x0000000008001948                MemManage_Handler
 .text.BusFault_Handler
                0x000000000800194e        0x6 ./Core/Src/stm32f4xx_it.o
                0x000000000800194e                BusFault_Handler
 .text.UsageFault_Handler
                0x0000000008001954        0x6 ./Core/Src/stm32f4xx_it.o
                0x0000000008001954                UsageFault_Handler
 .text.DebugMon_Handler
                0x000000000800195a        0xe ./Core/Src/stm32f4xx_it.o
                0x000000000800195a                DebugMon_Handler
 .text.SPI1_IRQHandler
                0x0000000008001968       0x14 ./Core/Src/stm32f4xx_it.o
                0x0000000008001968                SPI1_IRQHandler
 .text.EXTI15_10_IRQHandler
                0x000000000800197c       0x10 ./Core/Src/stm32f4xx_it.o
                0x000000000800197c                EXTI15_10_IRQHandler
 .text.DMA2_Stream3_IRQHandler
                0x000000000800198c       0x14 ./Core/Src/stm32f4xx_it.o
                0x000000000800198c                DMA2_Stream3_IRQHandler
 .text.SystemInit
                0x00000000080019a0       0x6c ./Core/Src/system_stm32f4xx.o
                0x00000000080019a0                SystemInit
 .text.Reset_Handler
                0x0000000008001a0c       0x50 ./Core/startup/startup_stm32f407xx.o
                0x0000000008001a0c                Reset_Handler
 .text.Default_Handler
                0x0000000008001a5c        0x2 ./Core/startup/startup_stm32f407xx.o
                0x0000000008001a5c                RTC_Alarm_IRQHandler
                0x0000000008001a5c                HASH_RNG_IRQHandler
                0x0000000008001a5c                EXTI2_IRQHandler
                0x0000000008001a5c                TIM8_CC_IRQHandler
                0x0000000008001a5c                TIM1_CC_IRQHandler
                0x0000000008001a5c                DMA2_Stream5_IRQHandler
                0x0000000008001a5c                DMA1_Stream5_IRQHandler
                0x0000000008001a5c                PVD_IRQHandler
                0x0000000008001a5c                SDIO_IRQHandler
                0x0000000008001a5c                TAMP_STAMP_IRQHandler
                0x0000000008001a5c                CAN2_RX1_IRQHandler
                0x0000000008001a5c                EXTI3_IRQHandler
                0x0000000008001a5c                TIM8_TRG_COM_TIM14_IRQHandler
                0x0000000008001a5c                TIM1_UP_TIM10_IRQHandler
                0x0000000008001a5c                TIM8_UP_TIM13_IRQHandler
                0x0000000008001a5c                I2C3_ER_IRQHandler
                0x0000000008001a5c                EXTI0_IRQHandler
                0x0000000008001a5c                I2C2_EV_IRQHandler
                0x0000000008001a5c                DMA1_Stream2_IRQHandler
                0x0000000008001a5c                CAN1_RX0_IRQHandler
                0x0000000008001a5c                FPU_IRQHandler
                0x0000000008001a5c                OTG_HS_WKUP_IRQHandler
                0x0000000008001a5c                CAN2_SCE_IRQHandler
                0x0000000008001a5c                DMA2_Stream2_IRQHandler
                0x0000000008001a5c                TIM6_DAC_IRQHandler
                0x0000000008001a5c                TIM1_BRK_TIM9_IRQHandler
                0x0000000008001a5c                DCMI_IRQHandler
                0x0000000008001a5c                CAN2_RX0_IRQHandler
                0x0000000008001a5c                USART6_IRQHandler
                0x0000000008001a5c                USART3_IRQHandler
                0x0000000008001a5c                CAN1_RX1_IRQHandler
                0x0000000008001a5c                UART5_IRQHandler
                0x0000000008001a5c                DMA2_Stream0_IRQHandler
                0x0000000008001a5c                TIM4_IRQHandler
                0x0000000008001a5c                I2C1_EV_IRQHandler
                0x0000000008001a5c                DMA1_Stream6_IRQHandler
                0x0000000008001a5c                DMA1_Stream1_IRQHandler
                0x0000000008001a5c                UART4_IRQHandler
                0x0000000008001a5c                TIM3_IRQHandler
                0x0000000008001a5c                RCC_IRQHandler
                0x0000000008001a5c                TIM8_BRK_TIM12_IRQHandler
                0x0000000008001a5c                Default_Handler
                0x0000000008001a5c                ADC_IRQHandler
                0x0000000008001a5c                DMA1_Stream7_IRQHandler
                0x0000000008001a5c                TIM7_IRQHandler
                0x0000000008001a5c                CAN2_TX_IRQHandler
                0x0000000008001a5c                TIM5_IRQHandler
                0x0000000008001a5c                DMA2_Stream7_IRQHandler
                0x0000000008001a5c                I2C3_EV_IRQHandler
                0x0000000008001a5c                EXTI9_5_IRQHandler
                0x0000000008001a5c                RTC_WKUP_IRQHandler
                0x0000000008001a5c                ETH_WKUP_IRQHandler
                0x0000000008001a5c                SPI2_IRQHandler
                0x0000000008001a5c                OTG_HS_EP1_IN_IRQHandler
                0x0000000008001a5c                DMA1_Stream0_IRQHandler
                0x0000000008001a5c                CAN1_TX_IRQHandler
                0x0000000008001a5c                EXTI4_IRQHandler
                0x0000000008001a5c                FSMC_IRQHandler
                0x0000000008001a5c                ETH_IRQHandler
                0x0000000008001a5c                OTG_HS_EP1_OUT_IRQHandler
                0x0000000008001a5c                WWDG_IRQHandler
                0x0000000008001a5c                TIM2_IRQHandler
                0x0000000008001a5c                OTG_FS_WKUP_IRQHandler
                0x0000000008001a5c                TIM1_TRG_COM_TIM11_IRQHandler
                0x0000000008001a5c                OTG_HS_IRQHandler
                0x0000000008001a5c                EXTI1_IRQHandler
                0x0000000008001a5c                USART2_IRQHandler
                0x0000000008001a5c                I2C2_ER_IRQHandler
                0x0000000008001a5c                DMA2_Stream1_IRQHandler
                0x0000000008001a5c                CAN1_SCE_IRQHandler
                0x0000000008001a5c                FLASH_IRQHandler
                0x0000000008001a5c                DMA2_Stream4_IRQHandler
                0x0000000008001a5c                USART1_IRQHandler
                0x0000000008001a5c                OTG_FS_IRQHandler
                0x0000000008001a5c                SPI3_IRQHandler
                0x0000000008001a5c                DMA1_Stream4_IRQHandler
                0x0000000008001a5c                I2C1_ER_IRQHandler
                0x0000000008001a5c                DMA2_Stream6_IRQHandler
                0x0000000008001a5c                DMA1_Stream3_IRQHandler
 *fill*         0x0000000008001a5e        0x2 
 .text.HAL_Init
                0x0000000008001a60       0x44 ./Drivers/STM32F4xx_HAL_Driver/Src/stm32f4xx_hal.o
                0x0000000008001a60                HAL_Init
 .text.HAL_InitTick
                0x0000000008001aa4       0x60 ./Drivers/STM32F4xx_HAL_Driver/Src/stm32f4xx_hal.o
                0x0000000008001aa4                HAL_InitTick
 .text.HAL_GetTick
                0x0000000008001b04       0x18 ./Drivers/STM32F4xx_HAL_Driver/Src/stm32f4xx_hal.o
                0x0000000008001b04                HAL_GetTick
 .text.__NVIC_SetPriorityGrouping
                0x0000000008001b1c       0x48 ./Drivers/STM32F4xx_HAL_Driver/Src/stm32f4xx_hal_cortex.o
 .text.__NVIC_GetPriorityGrouping
                0x0000000008001b64       0x1c ./Drivers/STM32F4xx_HAL_Driver/Src/stm32f4xx_hal_cortex.o
 .text.__NVIC_EnableIRQ
                0x0000000008001b80       0x3c ./Drivers/STM32F4xx_HAL_Driver/Src/stm32f4xx_hal_cortex.o
 .text.__NVIC_SetPriority
                0x0000000008001bbc       0x54 ./Drivers/STM32F4xx_HAL_Driver/Src/stm32f4xx_hal_cortex.o
 .text.NVIC_EncodePriority
                0x0000000008001c10       0x66 ./Drivers/STM32F4xx_HAL_Driver/Src/stm32f4xx_hal_cortex.o
 *fill*         0x0000000008001c76        0x2 
 .text.SysTick_Config
                0x0000000008001c78       0x44 ./Drivers/STM32F4xx_HAL_Driver/Src/stm32f4xx_hal_cortex.o
 .text.HAL_NVIC_SetPriorityGrouping
                0x0000000008001cbc       0x16 ./Drivers/STM32F4xx_HAL_Driver/Src/stm32f4xx_hal_cortex.o
                0x0000000008001cbc                HAL_NVIC_SetPriorityGrouping
 .text.HAL_NVIC_SetPriority
                0x0000000008001cd2       0x38 ./Drivers/STM32F4xx_HAL_Driver/Src/stm32f4xx_hal_cortex.o
                0x0000000008001cd2                HAL_NVIC_SetPriority
 .text.HAL_NVIC_EnableIRQ
                0x0000000008001d0a       0x1c ./Drivers/STM32F4xx_HAL_Driver/Src/stm32f4xx_hal_cortex.o
                0x0000000008001d0a                HAL_NVIC_EnableIRQ
 .text.HAL_SYSTICK_Config
                0x0000000008001d26       0x18 ./Drivers/STM32F4xx_HAL_Driver/Src/stm32f4xx_hal_cortex.o
                0x0000000008001d26                HAL_SYSTICK_Config
 *fill*         0x0000000008001d3e        0x2 
 .text.HAL_DMA_Init
                0x0000000008001d40      0x15c ./Drivers/STM32F4xx_HAL_Driver/Src/stm32f4xx_hal_dma.o
                0x0000000008001d40                HAL_DMA_Init
 .text.HAL_DMA_Start_IT
                0x0000000008001e9c       0xb0 ./Drivers/STM32F4xx_HAL_Driver/Src/stm32f4xx_hal_dma.o
                0x0000000008001e9c                HAL_DMA_Start_IT
 .text.HAL_DMA_Abort_IT
                0x0000000008001f4c       0x44 ./Drivers/STM32F4xx_HAL_Driver/Src/stm32f4xx_hal_dma.o
                0x0000000008001f4c                HAL_DMA_Abort_IT
 .text.HAL_DMA_IRQHandler
                0x0000000008001f90      0x314 ./Drivers/STM32F4xx_HAL_Driver/Src/stm32f4xx_hal_dma.o
                0x0000000008001f90                HAL_DMA_IRQHandler
 .text.DMA_SetConfig
                0x00000000080022a4       0x5c ./Drivers/STM32F4xx_HAL_Driver/Src/stm32f4xx_hal_dma.o
 .text.DMA_CalcBaseAndBitshift
                0x0000000008002300       0x6c ./Drivers/STM32F4xx_HAL_Driver/Src/stm32f4xx_hal_dma.o
 .text.DMA_CheckFifoParam
                0x000000000800236c       0xf8 ./Drivers/STM32F4xx_HAL_Driver/Src/stm32f4xx_hal_dma.o
 .text.HAL_GPIO_Init
                0x0000000008002464      0x338 ./Drivers/STM32F4xx_HAL_Driver/Src/stm32f4xx_hal_gpio.o
                0x0000000008002464                HAL_GPIO_Init
 .text.HAL_GPIO_ReadPin
                0x000000000800279c       0x30 ./Drivers/STM32F4xx_HAL_Driver/Src/stm32f4xx_hal_gpio.o
                0x000000000800279c                HAL_GPIO_ReadPin
 .text.HAL_GPIO_WritePin
                0x00000000080027cc       0x32 ./Drivers/STM32F4xx_HAL_Driver/Src/stm32f4xx_hal_gpio.o
                0x00000000080027cc                HAL_GPIO_WritePin
 .text.HAL_GPIO_TogglePin
                0x00000000080027fe       0x34 ./Drivers/STM32F4xx_HAL_Driver/Src/stm32f4xx_hal_gpio.o
                0x00000000080027fe                HAL_GPIO_TogglePin
 *fill*         0x0000000008002832        0x2 
 .text.HAL_GPIO_EXTI_IRQHandler
                0x0000000008002834       0x30 ./Drivers/STM32F4xx_HAL_Driver/Src/stm32f4xx_hal_gpio.o
                0x0000000008002834                HAL_GPIO_EXTI_IRQHandler
 .text.HAL_GPIO_EXTI_Callback
                0x0000000008002864       0x16 ./Drivers/STM32F4xx_HAL_Driver/Src/stm32f4xx_hal_gpio.o
                0x0000000008002864                HAL_GPIO_EXTI_Callback
 *fill*         0x000000000800287a        0x2 
 .text.HAL_RCC_OscConfig
                0x000000000800287c      0x4f0 ./Drivers/STM32F4xx_HAL_Driver/Src/stm32f4xx_hal_rcc.o
                0x000000000800287c                HAL_RCC_OscConfig
 .text.HAL_RCC_ClockConfig
                0x0000000008002d6c      0x1cc ./Drivers/STM32F4xx_HAL_Driver/Src/stm32f4xx_hal_rcc.o
                0x0000000008002d6c                HAL_RCC_ClockConfig
 .text.HAL_RCC_GetSysClockFreq
                0x0000000008002f38      0x1c4 ./Drivers/STM32F4xx_HAL_Driver/Src/stm32f4xx_hal_rcc.o
                0x0000000008002f38                HAL_RCC_GetSysClockFreq
 .text.HAL_RCC_GetHCLKFreq
                0x00000000080030fc       0x18 ./Drivers/STM32F4xx_HAL_Driver/Src/stm32f4xx_hal_rcc.o
                0x00000000080030fc                HAL_RCC_GetHCLKFreq
 .text.HAL_RCC_GetPCLK1Freq
                0x0000000008003114       0x28 ./Drivers/STM32F4xx_HAL_Driver/Src/stm32f4xx_hal_rcc.o
                0x0000000008003114                HAL_RCC_GetPCLK1Freq
 .text.HAL_RCC_GetPCLK2Freq
                0x000000000800313c       0x28 ./Drivers/STM32F4xx_HAL_Driver/Src/stm32f4xx_hal_rcc.o
                0x000000000800313c                HAL_RCC_GetPCLK2Freq
 .text.HAL_RNG_Init
                0x0000000008003164       0x54 ./Drivers/STM32F4xx_HAL_Driver/Src/stm32f4xx_hal_rng.o
                0x0000000008003164                HAL_RNG_Init
 .text.HAL_SPI_Init
                0x00000000080031b8      0x112 ./Drivers/STM32F4xx_HAL_Driver/Src/stm32f4xx_hal_spi.o
                0x00000000080031b8                HAL_SPI_Init
 .text.HAL_SPI_Transmit
                0x00000000080032ca      0x278 ./Drivers/STM32F4xx_HAL_Driver/Src/stm32f4xx_hal_spi.o
                0x00000000080032ca                HAL_SPI_Transmit
 .text.HAL_SPI_TransmitReceive
                0x0000000008003542      0x344 ./Drivers/STM32F4xx_HAL_Driver/Src/stm32f4xx_hal_spi.o
                0x0000000008003542                HAL_SPI_TransmitReceive
 *fill*         0x0000000008003886        0x2 
 .text.HAL_SPI_Transmit_DMA
                0x0000000008003888      0x16c ./Drivers/STM32F4xx_HAL_Driver/Src/stm32f4xx_hal_spi.o
                0x0000000008003888                HAL_SPI_Transmit_DMA
 .text.HAL_SPI_IRQHandler
                0x00000000080039f4      0x200 ./Drivers/STM32F4xx_HAL_Driver/Src/stm32f4xx_hal_spi.o
                0x00000000080039f4                HAL_SPI_IRQHandler
 .text.HAL_SPI_TxHalfCpltCallback
                0x0000000008003bf4       0x14 ./Drivers/STM32F4xx_HAL_Driver/Src/stm32f4xx_hal_spi.o
                0x0000000008003bf4                HAL_SPI_TxHalfCpltCallback
 .text.HAL_SPI_ErrorCallback
                0x0000000008003c08       0x14 ./Drivers/STM32F4xx_HAL_Driver/Src/stm32f4xx_hal_spi.o
                0x0000000008003c08                HAL_SPI_ErrorCallback
 .text.SPI_DMATransmitCplt
                0x0000000008003c1c       0xa8 ./Drivers/STM32F4xx_HAL_Driver/Src/stm32f4xx_hal_spi.o
 .text.SPI_DMAHalfTransmitCplt
                0x0000000008003cc4       0x1c ./Drivers/STM32F4xx_HAL_Driver/Src/stm32f4xx_hal_spi.o
 .text.SPI_DMAError
                0x0000000008003ce0       0x40 ./Drivers/STM32F4xx_HAL_Driver/Src/stm32f4xx_hal_spi.o
 .text.SPI_DMAAbortOnError
                0x0000000008003d20       0x28 ./Drivers/STM32F4xx_HAL_Driver/Src/stm32f4xx_hal_spi.o
 .text.SPI_WaitFlagStateUntilTimeout
                0x0000000008003d48      0x110 ./Drivers/STM32F4xx_HAL_Driver/Src/stm32f4xx_hal_spi.o
 .text.SPI_EndRxTxTransaction
                0x0000000008003e58       0x84 ./Drivers/STM32F4xx_HAL_Driver/Src/stm32f4xx_hal_spi.o
 .text.HAL_UART_Init
                0x0000000008003edc       0x9a ./Drivers/STM32F4xx_HAL_Driver/Src/stm32f4xx_hal_uart.o
                0x0000000008003edc                HAL_UART_Init
 .text.HAL_UART_Transmit
                0x0000000008003f76      0x124 ./Drivers/STM32F4xx_HAL_Driver/Src/stm32f4xx_hal_uart.o
                0x0000000008003f76                HAL_UART_Transmit
 .text.HAL_UART_Receive
                0x000000000800409a      0x144 ./Drivers/STM32F4xx_HAL_Driver/Src/stm32f4xx_hal_uart.o
                0x000000000800409a                HAL_UART_Receive
 .text.UART_WaitOnFlagUntilTimeout
                0x00000000080041de       0xdc ./Drivers/STM32F4xx_HAL_Driver/Src/stm32f4xx_hal_uart.o
 *fill*         0x00000000080042ba        0x2 
 .text.UART_SetConfig
                0x00000000080042bc      0x390 ./Drivers/STM32F4xx_HAL_Driver/Src/stm32f4xx_hal_uart.o
 .text.vListInitialise
                0x000000000800464c       0x40 ./FreeRTOS/list.o
                0x000000000800464c                vListInitialise
 .text.vListInitialiseItem
                0x000000000800468c       0x1a ./FreeRTOS/list.o
                0x000000000800468c                vListInitialiseItem
 .text.vListInsertEnd
                0x00000000080046a6       0x48 ./FreeRTOS/list.o
                0x00000000080046a6                vListInsertEnd
 .text.vListInsert
                0x00000000080046ee       0x72 ./FreeRTOS/list.o
                0x00000000080046ee                vListInsert
 .text.uxListRemove
                0x0000000008004760       0x54 ./FreeRTOS/list.o
                0x0000000008004760                uxListRemove
 .text.xQueueGenericReset
                0x00000000080047b4       0xd0 ./FreeRTOS/queue.o
                0x00000000080047b4                xQueueGenericReset
 .text.xQueueGenericCreate
                0x0000000008004884       0x78 ./FreeRTOS/queue.o
                0x0000000008004884                xQueueGenericCreate
 .text.prvInitialiseNewQueue
                0x00000000080048fc       0x46 ./FreeRTOS/queue.o
 *fill*         0x0000000008004942        0x2 
 .text.xQueueGenericSend
                0x0000000008004944      0x1fc ./FreeRTOS/queue.o
                0x0000000008004944                xQueueGenericSend
 .text.xQueueGenericSendFromISR
                0x0000000008004b40      0x130 ./FreeRTOS/queue.o
                0x0000000008004b40                xQueueGenericSendFromISR
 .text.xQueueReceive
                0x0000000008004c70      0x1c0 ./FreeRTOS/queue.o
                0x0000000008004c70                xQueueReceive
 .text.prvCopyDataToQueue
                0x0000000008004e30       0xd4 ./FreeRTOS/queue.o
 .text.prvCopyDataFromQueue
                0x0000000008004f04       0x4c ./FreeRTOS/queue.o
 .text.prvUnlockQueue
                0x0000000008004f50       0xa4 ./FreeRTOS/queue.o
 .text.prvIsQueueEmpty
                0x0000000008004ff4       0x2c ./FreeRTOS/queue.o
 .text.prvIsQueueFull
                0x0000000008005020       0x30 ./FreeRTOS/queue.o
 .text.vQueueAddToRegistry
                0x0000000008005050       0x54 ./FreeRTOS/queue.o
                0x0000000008005050                vQueueAddToRegistry
 .text.vQueueWaitForMessageRestricted
                0x00000000080050a4       0x68 ./FreeRTOS/queue.o
                0x00000000080050a4                vQueueWaitForMessageRestricted
 .text.xTaskCreate
                0x000000000800510c       0x82 ./FreeRTOS/tasks.o
                0x000000000800510c                xTaskCreate
 .text.prvInitialiseNewTask
                0x000000000800518e      0x11e ./FreeRTOS/tasks.o
 .text.prvAddNewTaskToReadyList
                0x00000000080052ac       0xdc ./FreeRTOS/tasks.o
 .text.vTaskDelay
                0x0000000008005388       0x68 ./FreeRTOS/tasks.o
                0x0000000008005388                vTaskDelay
 .text.vTaskStartScheduler
                0x00000000080053f0       0x9c ./FreeRTOS/tasks.o
                0x00000000080053f0                vTaskStartScheduler
 .text.vTaskSuspendAll
                0x000000000800548c       0x1c ./FreeRTOS/tasks.o
                0x000000000800548c                vTaskSuspendAll
 .text.xTaskResumeAll
                0x00000000080054a8      0x138 ./FreeRTOS/tasks.o
                0x00000000080054a8                xTaskResumeAll
 .text.xTaskGetTickCount
                0x00000000080055e0       0x20 ./FreeRTOS/tasks.o
                0x00000000080055e0                xTaskGetTickCount
 .text.xTaskIncrementTick
                0x0000000008005600      0x170 ./FreeRTOS/tasks.o
                0x0000000008005600                xTaskIncrementTick
 .text.vTaskSwitchContext
                0x0000000008005770       0xb8 ./FreeRTOS/tasks.o
                0x0000000008005770                vTaskSwitchContext
 .text.vTaskPlaceOnEventList
                0x0000000008005828       0x48 ./FreeRTOS/tasks.o
                0x0000000008005828                vTaskPlaceOnEventList
 .text.vTaskPlaceOnEventListRestricted
                0x0000000008005870       0x58 ./FreeRTOS/tasks.o
                0x0000000008005870                vTaskPlaceOnEventListRestricted
 .text.xTaskRemoveFromEventList
                0x00000000080058c8       0xc4 ./FreeRTOS/tasks.o
                0x00000000080058c8                xTaskRemoveFromEventList
 .text.vTaskInternalSetTimeOutState
                0x000000000800598c       0x2c ./FreeRTOS/tasks.o
                0x000000000800598c                vTaskInternalSetTimeOutState
 .text.xTaskCheckForTimeOut
                0x00000000080059b8       0xc4 ./FreeRTOS/tasks.o
                0x00000000080059b8                xTaskCheckForTimeOut
 .text.vTaskMissedYield
                0x0000000008005a7c       0x18 ./FreeRTOS/tasks.o
                0x0000000008005a7c                vTaskMissedYield
 .text.prvIdleTask
                0x0000000008005a94       0x30 ./FreeRTOS/tasks.o
 .text.prvInitialiseTaskLists
                0x0000000008005ac4       0x80 ./FreeRTOS/tasks.o
 .text.prvCheckTasksWaitingTermination
                0x0000000008005b44       0x5c ./FreeRTOS/tasks.o
 .text.prvDeleteTCB
                0x0000000008005ba0       0x20 ./FreeRTOS/tasks.o
 .text.prvResetNextTaskUnblockTime
                0x0000000008005bc0       0x40 ./FreeRTOS/tasks.o
 .text.xTaskGetSchedulerState
                0x0000000008005c00       0x3c ./FreeRTOS/tasks.o
                0x0000000008005c00                xTaskGetSchedulerState
 .text.xTaskPriorityDisinherit
                0x0000000008005c3c      0x10c ./FreeRTOS/tasks.o
                0x0000000008005c3c                xTaskPriorityDisinherit
 .text.prvAddCurrentTaskToDelayedList
                0x0000000008005d48       0xcc ./FreeRTOS/tasks.o
 .text.xTimerCreateTimerTask
                0x0000000008005e14       0x64 ./FreeRTOS/timers.o
                0x0000000008005e14                xTimerCreateTimerTask
 .text.xTimerGenericCommand
                0x0000000008005e78       0x9c ./FreeRTOS/timers.o
                0x0000000008005e78                xTimerGenericCommand
 .text.prvProcessExpiredTimer
                0x0000000008005f14       0x98 ./FreeRTOS/timers.o
 .text.prvTimerTask
                0x0000000008005fac       0x24 ./FreeRTOS/timers.o
 .text.prvProcessTimerOrBlockTask
                0x0000000008005fd0       0x9c ./FreeRTOS/timers.o
 .text.prvGetNextExpireTime
                0x000000000800606c       0x48 ./FreeRTOS/timers.o
 .text.prvSampleTimeNow
                0x00000000080060b4       0x40 ./FreeRTOS/timers.o
 .text.prvInsertTimerInActiveList
                0x00000000080060f4       0x84 ./FreeRTOS/timers.o
 .text.prvProcessReceivedCommands
                0x0000000008006178      0x18c ./FreeRTOS/timers.o
 .text.prvSwitchTimerLists
                0x0000000008006304       0xc8 ./FreeRTOS/timers.o
 .text.prvCheckForValidListAndQueue
                0x00000000080063cc       0x6c ./FreeRTOS/timers.o
 .text.pxPortInitialiseStack
                0x0000000008006438       0x68 ./FreeRTOS/portable/ARM_CM4F/port.o
                0x0000000008006438                pxPortInitialiseStack
 .text.prvTaskExitError
                0x00000000080064a0       0x58 ./FreeRTOS/portable/ARM_CM4F/port.o
 *fill*         0x00000000080064f8        0x8 
 .text.SVC_Handler
                0x0000000008006500       0x28 ./FreeRTOS/portable/ARM_CM4F/port.o
                0x0000000008006500                SVC_Handler
 .text.prvPortStartFirstTask
                0x0000000008006528       0x28 ./FreeRTOS/portable/ARM_CM4F/port.o
 .text.xPortStartScheduler
                0x0000000008006550      0x164 ./FreeRTOS/portable/ARM_CM4F/port.o
                0x0000000008006550                xPortStartScheduler
 .text.vPortEnterCritical
                0x00000000080066b4       0x60 ./FreeRTOS/portable/ARM_CM4F/port.o
                0x00000000080066b4                vPortEnterCritical
 .text.vPortExitCritical
                0x0000000008006714       0x54 ./FreeRTOS/portable/ARM_CM4F/port.o
                0x0000000008006714                vPortExitCritical
 *fill*         0x0000000008006768        0x8 
 .text.PendSV_Handler
                0x0000000008006770       0x68 ./FreeRTOS/portable/ARM_CM4F/port.o
                0x0000000008006770                PendSV_Handler
 .text.SysTick_Handler
                0x00000000080067d8       0x44 ./FreeRTOS/portable/ARM_CM4F/port.o
                0x00000000080067d8                SysTick_Handler
 .text.vPortSetupTimerInterrupt
                0x000000000800681c       0x48 ./FreeRTOS/portable/ARM_CM4F/port.o
                0x000000000800681c                vPortSetupTimerInterrupt
 .text.vPortEnableVFP
                0x0000000008006864       0x14 ./FreeRTOS/portable/ARM_CM4F/port.o
 .text.vPortValidateInterruptPriority
                0x0000000008006878       0x80 ./FreeRTOS/portable/ARM_CM4F/port.o
                0x0000000008006878                vPortValidateInterruptPriority
 .text.pvPortMalloc
                0x00000000080068f8      0x188 ./FreeRTOS/portable/heap_4.o
                0x00000000080068f8                pvPortMalloc
 .text.vPortFree
                0x0000000008006a80       0xb4 ./FreeRTOS/portable/heap_4.o
                0x0000000008006a80                vPortFree
 .text.prvHeapInit
                0x0000000008006b34       0xc4 ./FreeRTOS/portable/heap_4.o
 .text.prvInsertBlockIntoFreeList
                0x0000000008006bf8       0xb4 ./FreeRTOS/portable/heap_4.o
 .text.__libc_init_array
                0x0000000008006cac       0x48 c:/st/stm32cubeide_1.8.0/stm32cubeide/plugins/com.st.stm32cube.ide.mcu.externaltools.gnu-tools-for-stm32.9-2020-q2-update.win32_2.0.0.202105311346/tools/bin/../lib/gcc/arm-none-eabi/9.3.1/../../../../arm-none-eabi/lib/thumb/v7e-m+fp/hard\libc_nano.a(lib_a-init.o)
                0x0000000008006cac                __libc_init_array
 .text.memcpy   0x0000000008006cf4       0x1c c:/st/stm32cubeide_1.8.0/stm32cubeide/plugins/com.st.stm32cube.ide.mcu.externaltools.gnu-tools-for-stm32.9-2020-q2-update.win32_2.0.0.202105311346/tools/bin/../lib/gcc/arm-none-eabi/9.3.1/../../../../arm-none-eabi/lib/thumb/v7e-m+fp/hard\libc_nano.a(lib_a-memcpy-stub.o)
                0x0000000008006cf4                memcpy
 .text.memset   0x0000000008006d10       0x10 c:/st/stm32cubeide_1.8.0/stm32cubeide/plugins/com.st.stm32cube.ide.mcu.externaltools.gnu-tools-for-stm32.9-2020-q2-update.win32_2.0.0.202105311346/tools/bin/../lib/gcc/arm-none-eabi/9.3.1/../../../../arm-none-eabi/lib/thumb/v7e-m+fp/hard\libc_nano.a(lib_a-memset.o)
                0x0000000008006d10                memset
 *(.glue_7)
 .glue_7        0x0000000008006d20        0x0 linker stubs
 *(.glue_7t)
 .glue_7t       0x0000000008006d20        0x0 linker stubs
 *(.eh_frame)
 .eh_frame      0x0000000008006d20        0x0 c:/st/stm32cubeide_1.8.0/stm32cubeide/plugins/com.st.stm32cube.ide.mcu.externaltools.gnu-tools-for-stm32.9-2020-q2-update.win32_2.0.0.202105311346/tools/bin/../lib/gcc/arm-none-eabi/9.3.1/thumb/v7e-m+fp/hard/crtbegin.o
 *(.init)
 .init          0x0000000008006d20        0x4 c:/st/stm32cubeide_1.8.0/stm32cubeide/plugins/com.st.stm32cube.ide.mcu.externaltools.gnu-tools-for-stm32.9-2020-q2-update.win32_2.0.0.202105311346/tools/bin/../lib/gcc/arm-none-eabi/9.3.1/thumb/v7e-m+fp/hard/crti.o
                0x0000000008006d20                _init
 .init          0x0000000008006d24        0x8 c:/st/stm32cubeide_1.8.0/stm32cubeide/plugins/com.st.stm32cube.ide.mcu.externaltools.gnu-tools-for-stm32.9-2020-q2-update.win32_2.0.0.202105311346/tools/bin/../lib/gcc/arm-none-eabi/9.3.1/thumb/v7e-m+fp/hard/crtn.o
 *(.fini)
 .fini          0x0000000008006d2c        0x4 c:/st/stm32cubeide_1.8.0/stm32cubeide/plugins/com.st.stm32cube.ide.mcu.externaltools.gnu-tools-for-stm32.9-2020-q2-update.win32_2.0.0.202105311346/tools/bin/../lib/gcc/arm-none-eabi/9.3.1/thumb/v7e-m+fp/hard/crti.o
                0x0000000008006d2c                _fini
 .fini          0x0000000008006d30        0x8 c:/st/stm32cubeide_1.8.0/stm32cubeide/plugins/com.st.stm32cube.ide.mcu.externaltools.gnu-tools-for-stm32.9-2020-q2-update.win32_2.0.0.202105311346/tools/bin/../lib/gcc/arm-none-eabi/9.3.1/thumb/v7e-m+fp/hard/crtn.o
                0x0000000008006d38                . = ALIGN (0x4)
                0x0000000008006d38                _etext = .

.vfp11_veneer   0x0000000008006d38        0x0
 .vfp11_veneer  0x0000000008006d38        0x0 linker stubs

.v4_bx          0x0000000008006d38        0x0
 .v4_bx         0x0000000008006d38        0x0 linker stubs

.iplt           0x0000000008006d38        0x0
 .iplt          0x0000000008006d38        0x0 c:/st/stm32cubeide_1.8.0/stm32cubeide/plugins/com.st.stm32cube.ide.mcu.externaltools.gnu-tools-for-stm32.9-2020-q2-update.win32_2.0.0.202105311346/tools/bin/../lib/gcc/arm-none-eabi/9.3.1/thumb/v7e-m+fp/hard/crtbegin.o

.rodata         0x0000000008006d38     0x11c0
                0x0000000008006d38                . = ALIGN (0x4)
 *(.rodata)
 .rodata        0x0000000008006d38       0x3f ./Core/Src/main.o
 *fill*         0x0000000008006d77        0x1 
 .rodata        0x0000000008006d78        0x5 ./FreeRTOS/tasks.o
 *fill*         0x0000000008006d7d        0x3 
 .rodata        0x0000000008006d80        0xd ./FreeRTOS/timers.o
 *(.rodata*)
 *fill*         0x0000000008006d8d        0x3 
 .rodata.Arial_Narrow10x13
                0x0000000008006d90      0x7e4 ./Core/Src/fonts.o
                0x0000000008006d90                Arial_Narrow10x13
 .rodata.Arial_Narrow12x16
                0x0000000008007574      0x964 ./Core/Src/fonts.o
                0x0000000008007574                Arial_Narrow12x16
 .rodata.AHBPrescTable
                0x0000000008007ed8       0x10 ./Core/Src/system_stm32f4xx.o
                0x0000000008007ed8                AHBPrescTable
 .rodata.APBPrescTable
                0x0000000008007ee8        0x8 ./Core/Src/system_stm32f4xx.o
                0x0000000008007ee8                APBPrescTable
 .rodata.flagBitshiftOffset.7951
                0x0000000008007ef0        0x8 ./Drivers/STM32F4xx_HAL_Driver/Src/stm32f4xx_hal_dma.o
                0x0000000008007ef8                . = ALIGN (0x4)

.ARM.extab      0x0000000008007ef8        0x0
                0x0000000008007ef8                . = ALIGN (0x4)
 *(.ARM.extab* .gnu.linkonce.armextab.*)
                0x0000000008007ef8                . = ALIGN (0x4)

.ARM            0x0000000008007ef8        0x8
                0x0000000008007ef8                . = ALIGN (0x4)
                0x0000000008007ef8                __exidx_start = .
 *(.ARM.exidx*)
 .ARM.exidx     0x0000000008007ef8        0x8 c:/st/stm32cubeide_1.8.0/stm32cubeide/plugins/com.st.stm32cube.ide.mcu.externaltools.gnu-tools-for-stm32.9-2020-q2-update.win32_2.0.0.202105311346/tools/bin/../lib/gcc/arm-none-eabi/9.3.1/thumb/v7e-m+fp/hard\libgcc.a(_udivmoddi4.o)
                0x0000000008007f00                __exidx_end = .
                0x0000000008007f00                . = ALIGN (0x4)

.rel.dyn        0x0000000008007f00        0x0
 .rel.iplt      0x0000000008007f00        0x0 c:/st/stm32cubeide_1.8.0/stm32cubeide/plugins/com.st.stm32cube.ide.mcu.externaltools.gnu-tools-for-stm32.9-2020-q2-update.win32_2.0.0.202105311346/tools/bin/../lib/gcc/arm-none-eabi/9.3.1/thumb/v7e-m+fp/hard/crtbegin.o

.preinit_array  0x0000000008007f00        0x0
                0x0000000008007f00                . = ALIGN (0x4)
                0x0000000008007f00                PROVIDE (__preinit_array_start = .)
 *(.preinit_array*)
                0x0000000008007f00                PROVIDE (__preinit_array_end = .)
                0x0000000008007f00                . = ALIGN (0x4)

.init_array     0x0000000008007f00        0x4
                0x0000000008007f00                . = ALIGN (0x4)
                0x0000000008007f00                PROVIDE (__init_array_start = .)
 *(SORT_BY_NAME(.init_array.*))
 *(.init_array*)
 .init_array    0x0000000008007f00        0x4 c:/st/stm32cubeide_1.8.0/stm32cubeide/plugins/com.st.stm32cube.ide.mcu.externaltools.gnu-tools-for-stm32.9-2020-q2-update.win32_2.0.0.202105311346/tools/bin/../lib/gcc/arm-none-eabi/9.3.1/thumb/v7e-m+fp/hard/crtbegin.o
                0x0000000008007f04                PROVIDE (__init_array_end = .)
                0x0000000008007f04                . = ALIGN (0x4)

.fini_array     0x0000000008007f04        0x4
                0x0000000008007f04                . = ALIGN (0x4)
                [!provide]                        PROVIDE (__fini_array_start = .)
 *(SORT_BY_NAME(.fini_array.*))
 *(.fini_array*)
 .fini_array    0x0000000008007f04        0x4 c:/st/stm32cubeide_1.8.0/stm32cubeide/plugins/com.st.stm32cube.ide.mcu.externaltools.gnu-tools-for-stm32.9-2020-q2-update.win32_2.0.0.202105311346/tools/bin/../lib/gcc/arm-none-eabi/9.3.1/thumb/v7e-m+fp/hard/crtbegin.o
                [!provide]                        PROVIDE (__fini_array_end = .)
                0x0000000008007f08                . = ALIGN (0x4)
                0x0000000008007f08                _sidata = LOADADDR (.data)

.data           0x0000000020000000       0x1c load address 0x0000000008007f08
                0x0000000020000000                . = ALIGN (0x4)
                0x0000000020000000                _sdata = .
 *(.data)
 *(.data*)
 .data.LCD_HEIGHT
                0x0000000020000000        0x2 ./Core/Src/ILI9341_STM32_Driver.o
                0x0000000020000000                LCD_HEIGHT
 .data.LCD_WIDTH
                0x0000000020000002        0x2 ./Core/Src/ILI9341_STM32_Driver.o
                0x0000000020000002                LCD_WIDTH
 .data.x_cmd.7963
                0x0000000020000004        0x1 ./Core/Src/ILI9341_Touch.o
 *fill*         0x0000000020000005        0x3 
 .data.y_cmd.7964
                0x0000000020000008        0x1 ./Core/Src/ILI9341_Touch.o
 *fill*         0x0000000020000009        0x3 
 .data.SystemCoreClock
                0x000000002000000c        0x4 ./Core/Src/system_stm32f4xx.o
                0x000000002000000c                SystemCoreClock
 .data.uwTickPrio
                0x0000000020000010        0x4 ./Drivers/STM32F4xx_HAL_Driver/Src/stm32f4xx_hal.o
                0x0000000020000010                uwTickPrio
 .data.uwTickFreq
                0x0000000020000014        0x1 ./Drivers/STM32F4xx_HAL_Driver/Src/stm32f4xx_hal.o
                0x0000000020000014                uwTickFreq
 *fill*         0x0000000020000015        0x3 
 .data.uxCriticalNesting
                0x0000000020000018        0x4 ./FreeRTOS/portable/ARM_CM4F/port.o
 *(.RamFunc)
 *(.RamFunc*)
                0x000000002000001c                . = ALIGN (0x4)
                0x000000002000001c                _edata = .
                0x0000000008007f24                _siccmram = LOADADDR (.ccmram)

.igot.plt       0x000000002000001c        0x0 load address 0x0000000008007f24
 .igot.plt      0x000000002000001c        0x0 c:/st/stm32cubeide_1.8.0/stm32cubeide/plugins/com.st.stm32cube.ide.mcu.externaltools.gnu-tools-for-stm32.9-2020-q2-update.win32_2.0.0.202105311346/tools/bin/../lib/gcc/arm-none-eabi/9.3.1/thumb/v7e-m+fp/hard/crtbegin.o

.ccmram         0x0000000010000000        0x0 load address 0x0000000008007f24
                0x0000000010000000                . = ALIGN (0x4)
                0x0000000010000000                _sccmram = .
 *(.ccmram)
 *(.ccmram*)
                0x0000000010000000                . = ALIGN (0x4)
                0x0000000010000000                _eccmram = .
                0x0000000010000000                . = ALIGN (0x4)

.bss            0x000000002000001c    0x12f20
                0x000000002000001c                _sbss = .
                0x000000002000001c                __bss_start__ = _sbss
 *(.bss)
 .bss           0x000000002000001c       0x1c c:/st/stm32cubeide_1.8.0/stm32cubeide/plugins/com.st.stm32cube.ide.mcu.externaltools.gnu-tools-for-stm32.9-2020-q2-update.win32_2.0.0.202105311346/tools/bin/../lib/gcc/arm-none-eabi/9.3.1/thumb/v7e-m+fp/hard/crtbegin.o
 *(.bss*)
 .bss.sleep.7965
                0x0000000020000038        0x1 ./Core/Src/ILI9341_Touch.o
 *fill*         0x0000000020000039        0x3 
 .bss.xHandle   0x000000002000003c        0x4 ./Core/Src/main.o
                0x000000002000003c                xHandle
 .bss.xHandle1  0x0000000020000040        0x4 ./Core/Src/main.o
                0x0000000020000040                xHandle1
 .bss.xHandle2  0x0000000020000044        0x4 ./Core/Src/main.o
                0x0000000020000044                xHandle2
 .bss.pxCurrentTCB
                0x0000000020000048        0x4 ./FreeRTOS/tasks.o
                0x0000000020000048                pxCurrentTCB
 .bss.pxReadyTasksLists
                0x000000002000004c       0x64 ./FreeRTOS/tasks.o
 .bss.xDelayedTaskList1
                0x00000000200000b0       0x14 ./FreeRTOS/tasks.o
 .bss.xDelayedTaskList2
                0x00000000200000c4       0x14 ./FreeRTOS/tasks.o
 .bss.pxDelayedTaskList
                0x00000000200000d8        0x4 ./FreeRTOS/tasks.o
 .bss.pxOverflowDelayedTaskList
                0x00000000200000dc        0x4 ./FreeRTOS/tasks.o
 .bss.xPendingReadyList
                0x00000000200000e0       0x14 ./FreeRTOS/tasks.o
 .bss.xTasksWaitingTermination
                0x00000000200000f4       0x14 ./FreeRTOS/tasks.o
 .bss.uxDeletedTasksWaitingCleanUp
                0x0000000020000108        0x4 ./FreeRTOS/tasks.o
 .bss.xSuspendedTaskList
                0x000000002000010c       0x14 ./FreeRTOS/tasks.o
 .bss.uxCurrentNumberOfTasks
                0x0000000020000120        0x4 ./FreeRTOS/tasks.o
 .bss.xTickCount
                0x0000000020000124        0x4 ./FreeRTOS/tasks.o
 .bss.uxTopReadyPriority
                0x0000000020000128        0x4 ./FreeRTOS/tasks.o
 .bss.xSchedulerRunning
                0x000000002000012c        0x4 ./FreeRTOS/tasks.o
 .bss.uxPendedTicks
                0x0000000020000130        0x4 ./FreeRTOS/tasks.o
 .bss.xYieldPending
                0x0000000020000134        0x4 ./FreeRTOS/tasks.o
 .bss.xNumOfOverflows
                0x0000000020000138        0x4 ./FreeRTOS/tasks.o
 .bss.uxTaskNumber
                0x000000002000013c        0x4 ./FreeRTOS/tasks.o
 .bss.xNextTaskUnblockTime
                0x0000000020000140        0x4 ./FreeRTOS/tasks.o
 .bss.xIdleTaskHandle
                0x0000000020000144        0x4 ./FreeRTOS/tasks.o
 .bss.uxSchedulerSuspended
                0x0000000020000148        0x4 ./FreeRTOS/tasks.o
 .bss.xActiveTimerList1
                0x000000002000014c       0x14 ./FreeRTOS/timers.o
 .bss.xActiveTimerList2
                0x0000000020000160       0x14 ./FreeRTOS/timers.o
 .bss.pxCurrentTimerList
                0x0000000020000174        0x4 ./FreeRTOS/timers.o
 .bss.pxOverflowTimerList
                0x0000000020000178        0x4 ./FreeRTOS/timers.o
 .bss.xTimerQueue
                0x000000002000017c        0x4 ./FreeRTOS/timers.o
 .bss.xTimerTaskHandle
                0x0000000020000180        0x4 ./FreeRTOS/timers.o
 .bss.xLastTime.9143
                0x0000000020000184        0x4 ./FreeRTOS/timers.o
 .bss.ucMaxSysCallPriority
                0x0000000020000188        0x1 ./FreeRTOS/portable/ARM_CM4F/port.o
 *fill*         0x0000000020000189        0x3 
 .bss.ulMaxPRIGROUPValue
                0x000000002000018c        0x4 ./FreeRTOS/portable/ARM_CM4F/port.o
 .bss.ucHeap    0x0000000020000190    0x12c00 ./FreeRTOS/portable/heap_4.o
 .bss.xStart    0x0000000020012d90        0x8 ./FreeRTOS/portable/heap_4.o
 .bss.pxEnd     0x0000000020012d98        0x4 ./FreeRTOS/portable/heap_4.o
 .bss.xFreeBytesRemaining
                0x0000000020012d9c        0x4 ./FreeRTOS/portable/heap_4.o
 .bss.xMinimumEverFreeBytesRemaining
                0x0000000020012da0        0x4 ./FreeRTOS/portable/heap_4.o
 .bss.xBlockAllocatedBit
                0x0000000020012da4        0x4 ./FreeRTOS/portable/heap_4.o
 *(COMMON)
 COMMON         0x0000000020012da8       0x44 ./Core/Src/ILI9341_STM32_Driver.o
                0x0000000020012da8                huart2
 COMMON         0x0000000020012dec      0x10c ./Core/Src/main.o
                0x0000000020012dec                hrng
                0x0000000020012dfc                huart4
                0x0000000020012e40                hspi1
                0x0000000020012e98                hdma_spi1_tx
 COMMON         0x0000000020012ef8        0x4 ./Drivers/STM32F4xx_HAL_Driver/Src/stm32f4xx_hal.o
                0x0000000020012ef8                uwTick
 COMMON         0x0000000020012efc       0x40 ./FreeRTOS/queue.o
                0x0000000020012efc                xQueueRegistry
                0x0000000020012f3c                . = ALIGN (0x4)
                0x0000000020012f3c                _ebss = .
                0x0000000020012f3c                __bss_end__ = _ebss

._user_heap_stack
                0x0000000020012f3c      0x604
                0x0000000020012f40                . = ALIGN (0x8)
 *fill*         0x0000000020012f3c        0x4 
                [!provide]                        PROVIDE (end = .)
                [!provide]                        PROVIDE (_end = .)
                0x0000000020013140                . = (. + _Min_Heap_Size)
 *fill*         0x0000000020012f40      0x200 
                0x0000000020013540                . = (. + _Min_Stack_Size)
 *fill*         0x0000000020013140      0x400 
                0x0000000020013540                . = ALIGN (0x8)

/DISCARD/
 libc.a(*)
 libm.a(*)
 libgcc.a(*)

.ARM.attributes
                0x0000000000000000       0x30
 *(.ARM.attributes)
 .ARM.attributes
                0x0000000000000000       0x1e c:/st/stm32cubeide_1.8.0/stm32cubeide/plugins/com.st.stm32cube.ide.mcu.externaltools.gnu-tools-for-stm32.9-2020-q2-update.win32_2.0.0.202105311346/tools/bin/../lib/gcc/arm-none-eabi/9.3.1/thumb/v7e-m+fp/hard/crti.o
 .ARM.attributes
                0x000000000000001e       0x34 c:/st/stm32cubeide_1.8.0/stm32cubeide/plugins/com.st.stm32cube.ide.mcu.externaltools.gnu-tools-for-stm32.9-2020-q2-update.win32_2.0.0.202105311346/tools/bin/../lib/gcc/arm-none-eabi/9.3.1/thumb/v7e-m+fp/hard/crtbegin.o
 .ARM.attributes
                0x0000000000000052       0x34 ./Core/Src/ILI9341_GFX.o
 .ARM.attributes
                0x0000000000000086       0x34 ./Core/Src/ILI9341_STM32_Driver.o
 .ARM.attributes
                0x00000000000000ba       0x34 ./Core/Src/ILI9341_Touch.o
 .ARM.attributes
                0x00000000000000ee       0x39 ./Core/Src/fonts.o
 .ARM.attributes
                0x0000000000000127       0x34 ./Core/Src/main.o
 .ARM.attributes
                0x000000000000015b       0x34 ./Core/Src/stm32f4xx_hal_msp.o
 .ARM.attributes
                0x000000000000018f       0x34 ./Core/Src/stm32f4xx_it.o
 .ARM.attributes
                0x00000000000001c3       0x34 ./Core/Src/system_stm32f4xx.o
 .ARM.attributes
                0x00000000000001f7       0x21 ./Core/startup/startup_stm32f407xx.o
 .ARM.attributes
                0x0000000000000218       0x34 ./Drivers/STM32F4xx_HAL_Driver/Src/stm32f4xx_hal.o
 .ARM.attributes
                0x000000000000024c       0x34 ./Drivers/STM32F4xx_HAL_Driver/Src/stm32f4xx_hal_cortex.o
 .ARM.attributes
                0x0000000000000280       0x34 ./Drivers/STM32F4xx_HAL_Driver/Src/stm32f4xx_hal_dma.o
 .ARM.attributes
                0x00000000000002b4       0x34 ./Drivers/STM32F4xx_HAL_Driver/Src/stm32f4xx_hal_gpio.o
 .ARM.attributes
                0x00000000000002e8       0x34 ./Drivers/STM32F4xx_HAL_Driver/Src/stm32f4xx_hal_rcc.o
 .ARM.attributes
                0x000000000000031c       0x34 ./Drivers/STM32F4xx_HAL_Driver/Src/stm32f4xx_hal_rng.o
 .ARM.attributes
                0x0000000000000350       0x34 ./Drivers/STM32F4xx_HAL_Driver/Src/stm32f4xx_hal_spi.o
 .ARM.attributes
                0x0000000000000384       0x34 ./Drivers/STM32F4xx_HAL_Driver/Src/stm32f4xx_hal_uart.o
 .ARM.attributes
                0x00000000000003b8       0x34 ./FreeRTOS/list.o
 .ARM.attributes
                0x00000000000003ec       0x34 ./FreeRTOS/queue.o
 .ARM.attributes
                0x0000000000000420       0x34 ./FreeRTOS/tasks.o
 .ARM.attributes
                0x0000000000000454       0x34 ./FreeRTOS/timers.o
 .ARM.attributes
                0x0000000000000488       0x34 ./FreeRTOS/portable/ARM_CM4F/port.o
 .ARM.attributes
                0x00000000000004bc       0x34 ./FreeRTOS/portable/heap_4.o
 .ARM.attributes
                0x00000000000004f0       0x34 c:/st/stm32cubeide_1.8.0/stm32cubeide/plugins/com.st.stm32cube.ide.mcu.externaltools.gnu-tools-for-stm32.9-2020-q2-update.win32_2.0.0.202105311346/tools/bin/../lib/gcc/arm-none-eabi/9.3.1/../../../../arm-none-eabi/lib/thumb/v7e-m+fp/hard\libc_nano.a(lib_a-init.o)
 .ARM.attributes
                0x0000000000000524       0x34 c:/st/stm32cubeide_1.8.0/stm32cubeide/plugins/com.st.stm32cube.ide.mcu.externaltools.gnu-tools-for-stm32.9-2020-q2-update.win32_2.0.0.202105311346/tools/bin/../lib/gcc/arm-none-eabi/9.3.1/../../../../arm-none-eabi/lib/thumb/v7e-m+fp/hard\libc_nano.a(lib_a-memcpy-stub.o)
 .ARM.attributes
                0x0000000000000558       0x34 c:/st/stm32cubeide_1.8.0/stm32cubeide/plugins/com.st.stm32cube.ide.mcu.externaltools.gnu-tools-for-stm32.9-2020-q2-update.win32_2.0.0.202105311346/tools/bin/../lib/gcc/arm-none-eabi/9.3.1/../../../../arm-none-eabi/lib/thumb/v7e-m+fp/hard\libc_nano.a(lib_a-memset.o)
 .ARM.attributes
                0x000000000000058c       0x17 c:/st/stm32cubeide_1.8.0/stm32cubeide/plugins/com.st.stm32cube.ide.mcu.externaltools.gnu-tools-for-stm32.9-2020-q2-update.win32_2.0.0.202105311346/tools/bin/../lib/gcc/arm-none-eabi/9.3.1/../../../../arm-none-eabi/lib/thumb/v7e-m+fp/hard\libc_nano.a(lib_a-strlen.o)
 .ARM.attributes
                0x00000000000005a3       0x1e c:/st/stm32cubeide_1.8.0/stm32cubeide/plugins/com.st.stm32cube.ide.mcu.externaltools.gnu-tools-for-stm32.9-2020-q2-update.win32_2.0.0.202105311346/tools/bin/../lib/gcc/arm-none-eabi/9.3.1/thumb/v7e-m+fp/hard\libgcc.a(_aeabi_uldivmod.o)
 .ARM.attributes
                0x00000000000005c1       0x34 c:/st/stm32cubeide_1.8.0/stm32cubeide/plugins/com.st.stm32cube.ide.mcu.externaltools.gnu-tools-for-stm32.9-2020-q2-update.win32_2.0.0.202105311346/tools/bin/../lib/gcc/arm-none-eabi/9.3.1/thumb/v7e-m+fp/hard\libgcc.a(_udivmoddi4.o)
 .ARM.attributes
                0x00000000000005f5       0x1e c:/st/stm32cubeide_1.8.0/stm32cubeide/plugins/com.st.stm32cube.ide.mcu.externaltools.gnu-tools-for-stm32.9-2020-q2-update.win32_2.0.0.202105311346/tools/bin/../lib/gcc/arm-none-eabi/9.3.1/thumb/v7e-m+fp/hard\libgcc.a(_dvmd_tls.o)
 .ARM.attributes
                0x0000000000000613       0x1e c:/st/stm32cubeide_1.8.0/stm32cubeide/plugins/com.st.stm32cube.ide.mcu.externaltools.gnu-tools-for-stm32.9-2020-q2-update.win32_2.0.0.202105311346/tools/bin/../lib/gcc/arm-none-eabi/9.3.1/thumb/v7e-m+fp/hard/crtn.o
OUTPUT(Final_project.elf elf32-littlearm)
LOAD linker stubs
LOAD c:/st/stm32cubeide_1.8.0/stm32cubeide/plugins/com.st.stm32cube.ide.mcu.externaltools.gnu-tools-for-stm32.9-2020-q2-update.win32_2.0.0.202105311346/tools/bin/../lib/gcc/arm-none-eabi/9.3.1/../../../../arm-none-eabi/lib/thumb/v7e-m+fp/hard\libc.a
LOAD c:/st/stm32cubeide_1.8.0/stm32cubeide/plugins/com.st.stm32cube.ide.mcu.externaltools.gnu-tools-for-stm32.9-2020-q2-update.win32_2.0.0.202105311346/tools/bin/../lib/gcc/arm-none-eabi/9.3.1/../../../../arm-none-eabi/lib/thumb/v7e-m+fp/hard\libm.a
LOAD c:/st/stm32cubeide_1.8.0/stm32cubeide/plugins/com.st.stm32cube.ide.mcu.externaltools.gnu-tools-for-stm32.9-2020-q2-update.win32_2.0.0.202105311346/tools/bin/../lib/gcc/arm-none-eabi/9.3.1/thumb/v7e-m+fp/hard\libgcc.a

.debug_info     0x0000000000000000    0x17923
 .debug_info    0x0000000000000000      0xc38 ./Core/Src/ILI9341_GFX.o
 .debug_info    0x0000000000000c38      0xe82 ./Core/Src/ILI9341_STM32_Driver.o
 .debug_info    0x0000000000001aba      0x983 ./Core/Src/ILI9341_Touch.o
 .debug_info    0x000000000000243d       0xfe ./Core/Src/fonts.o
 .debug_info    0x000000000000253b     0x1da4 ./Core/Src/main.o
 .debug_info    0x00000000000042df     0x10ef ./Core/Src/stm32f4xx_hal_msp.o
 .debug_info    0x00000000000053ce      0x75d ./Core/Src/stm32f4xx_it.o
 .debug_info    0x0000000000005b2b      0x5a4 ./Core/Src/system_stm32f4xx.o
 .debug_info    0x00000000000060cf       0x22 ./Core/startup/startup_stm32f407xx.o
 .debug_info    0x00000000000060f1      0x9b2 ./Drivers/STM32F4xx_HAL_Driver/Src/stm32f4xx_hal.o
 .debug_info    0x0000000000006aa3      0xed7 ./Drivers/STM32F4xx_HAL_Driver/Src/stm32f4xx_hal_cortex.o
 .debug_info    0x000000000000797a      0x9f1 ./Drivers/STM32F4xx_HAL_Driver/Src/stm32f4xx_hal_dma.o
 .debug_info    0x000000000000836b      0x83e ./Drivers/STM32F4xx_HAL_Driver/Src/stm32f4xx_hal_gpio.o
 .debug_info    0x0000000000008ba9      0x996 ./Drivers/STM32F4xx_HAL_Driver/Src/stm32f4xx_hal_rcc.o
 .debug_info    0x000000000000953f      0x597 ./Drivers/STM32F4xx_HAL_Driver/Src/stm32f4xx_hal_rng.o
 .debug_info    0x0000000000009ad6     0x17c0 ./Drivers/STM32F4xx_HAL_Driver/Src/stm32f4xx_hal_spi.o
 .debug_info    0x000000000000b296     0x31de ./Drivers/STM32F4xx_HAL_Driver/Src/stm32f4xx_hal_uart.o
 .debug_info    0x000000000000e474      0xb82 ./FreeRTOS/list.o
 .debug_info    0x000000000000eff6     0x24df ./FreeRTOS/queue.o
 .debug_info    0x00000000000114d5     0x2cd4 ./FreeRTOS/tasks.o
 .debug_info    0x00000000000141a9     0x1aac ./FreeRTOS/timers.o
 .debug_info    0x0000000000015c55      0xab0 ./FreeRTOS/portable/ARM_CM4F/port.o
 .debug_info    0x0000000000016705     0x121e ./FreeRTOS/portable/heap_4.o

.debug_abbrev   0x0000000000000000     0x33fe
 .debug_abbrev  0x0000000000000000      0x1d1 ./Core/Src/ILI9341_GFX.o
 .debug_abbrev  0x00000000000001d1      0x266 ./Core/Src/ILI9341_STM32_Driver.o
 .debug_abbrev  0x0000000000000437      0x1de ./Core/Src/ILI9341_Touch.o
 .debug_abbrev  0x0000000000000615       0x7e ./Core/Src/fonts.o
 .debug_abbrev  0x0000000000000693      0x2e5 ./Core/Src/main.o
 .debug_abbrev  0x0000000000000978      0x20f ./Core/Src/stm32f4xx_hal_msp.o
 .debug_abbrev  0x0000000000000b87      0x174 ./Core/Src/stm32f4xx_it.o
 .debug_abbrev  0x0000000000000cfb      0x145 ./Core/Src/system_stm32f4xx.o
 .debug_abbrev  0x0000000000000e40       0x12 ./Core/startup/startup_stm32f407xx.o
 .debug_abbrev  0x0000000000000e52      0x1ed ./Drivers/STM32F4xx_HAL_Driver/Src/stm32f4xx_hal.o
 .debug_abbrev  0x000000000000103f      0x33c ./Drivers/STM32F4xx_HAL_Driver/Src/stm32f4xx_hal_cortex.o
 .debug_abbrev  0x000000000000137b      0x259 ./Drivers/STM32F4xx_HAL_Driver/Src/stm32f4xx_hal_dma.o
 .debug_abbrev  0x00000000000015d4      0x1f1 ./Drivers/STM32F4xx_HAL_Driver/Src/stm32f4xx_hal_gpio.o
 .debug_abbrev  0x00000000000017c5      0x275 ./Drivers/STM32F4xx_HAL_Driver/Src/stm32f4xx_hal_rcc.o
 .debug_abbrev  0x0000000000001a3a      0x1e0 ./Drivers/STM32F4xx_HAL_Driver/Src/stm32f4xx_hal_rng.o
 .debug_abbrev  0x0000000000001c1a      0x26e ./Drivers/STM32F4xx_HAL_Driver/Src/stm32f4xx_hal_spi.o
 .debug_abbrev  0x0000000000001e88      0x2eb ./Drivers/STM32F4xx_HAL_Driver/Src/stm32f4xx_hal_uart.o
 .debug_abbrev  0x0000000000002173      0x1f7 ./FreeRTOS/list.o
 .debug_abbrev  0x000000000000236a      0x3a0 ./FreeRTOS/queue.o
 .debug_abbrev  0x000000000000270a      0x3ab ./FreeRTOS/tasks.o
 .debug_abbrev  0x0000000000002ab5      0x33b ./FreeRTOS/timers.o
 .debug_abbrev  0x0000000000002df0      0x2f6 ./FreeRTOS/portable/ARM_CM4F/port.o
 .debug_abbrev  0x00000000000030e6      0x318 ./FreeRTOS/portable/heap_4.o

.debug_aranges  0x0000000000000000      0xf88
 .debug_aranges
                0x0000000000000000       0x58 ./Core/Src/ILI9341_GFX.o
 .debug_aranges
                0x0000000000000058       0xa8 ./Core/Src/ILI9341_STM32_Driver.o
 .debug_aranges
                0x0000000000000100       0x30 ./Core/Src/ILI9341_Touch.o
 .debug_aranges
                0x0000000000000130       0x18 ./Core/Src/fonts.o
 .debug_aranges
                0x0000000000000148       0x78 ./Core/Src/main.o
 .debug_aranges
                0x00000000000001c0       0x50 ./Core/Src/stm32f4xx_hal_msp.o
 .debug_aranges
                0x0000000000000210       0x60 ./Core/Src/stm32f4xx_it.o
 .debug_aranges
                0x0000000000000270       0x28 ./Core/Src/system_stm32f4xx.o
 .debug_aranges
                0x0000000000000298       0x28 ./Core/startup/startup_stm32f407xx.o
 .debug_aranges
                0x00000000000002c0       0xf0 ./Drivers/STM32F4xx_HAL_Driver/Src/stm32f4xx_hal.o
 .debug_aranges
                0x00000000000003b0      0x118 ./Drivers/STM32F4xx_HAL_Driver/Src/stm32f4xx_hal_cortex.o
 .debug_aranges
                0x00000000000004c8       0x90 ./Drivers/STM32F4xx_HAL_Driver/Src/stm32f4xx_hal_dma.o
 .debug_aranges
                0x0000000000000558       0x58 ./Drivers/STM32F4xx_HAL_Driver/Src/stm32f4xx_hal_gpio.o
 .debug_aranges
                0x00000000000005b0       0x88 ./Drivers/STM32F4xx_HAL_Driver/Src/stm32f4xx_hal_rcc.o
 .debug_aranges
                0x0000000000000638       0x88 ./Drivers/STM32F4xx_HAL_Driver/Src/stm32f4xx_hal_rng.o
 .debug_aranges
                0x00000000000006c0      0x1d0 ./Drivers/STM32F4xx_HAL_Driver/Src/stm32f4xx_hal_spi.o
 .debug_aranges
                0x0000000000000890      0x200 ./Drivers/STM32F4xx_HAL_Driver/Src/stm32f4xx_hal_uart.o
 .debug_aranges
                0x0000000000000a90       0x40 ./FreeRTOS/list.o
 .debug_aranges
                0x0000000000000ad0      0x130 ./FreeRTOS/queue.o
 .debug_aranges
                0x0000000000000c00      0x1e8 ./FreeRTOS/tasks.o
 .debug_aranges
                0x0000000000000de8       0xd0 ./FreeRTOS/timers.o
 .debug_aranges
                0x0000000000000eb8       0x80 ./FreeRTOS/portable/ARM_CM4F/port.o
 .debug_aranges
                0x0000000000000f38       0x50 ./FreeRTOS/portable/heap_4.o

.debug_ranges   0x0000000000000000      0xe48
 .debug_ranges  0x0000000000000000       0x48 ./Core/Src/ILI9341_GFX.o
 .debug_ranges  0x0000000000000048       0x98 ./Core/Src/ILI9341_STM32_Driver.o
 .debug_ranges  0x00000000000000e0       0x20 ./Core/Src/ILI9341_Touch.o
 .debug_ranges  0x0000000000000100       0x68 ./Core/Src/main.o
 .debug_ranges  0x0000000000000168       0x40 ./Core/Src/stm32f4xx_hal_msp.o
 .debug_ranges  0x00000000000001a8       0x50 ./Core/Src/stm32f4xx_it.o
 .debug_ranges  0x00000000000001f8       0x18 ./Core/Src/system_stm32f4xx.o
 .debug_ranges  0x0000000000000210       0x20 ./Core/startup/startup_stm32f407xx.o
 .debug_ranges  0x0000000000000230       0xe0 ./Drivers/STM32F4xx_HAL_Driver/Src/stm32f4xx_hal.o
 .debug_ranges  0x0000000000000310      0x108 ./Drivers/STM32F4xx_HAL_Driver/Src/stm32f4xx_hal_cortex.o
 .debug_ranges  0x0000000000000418       0x80 ./Drivers/STM32F4xx_HAL_Driver/Src/stm32f4xx_hal_dma.o
 .debug_ranges  0x0000000000000498       0x48 ./Drivers/STM32F4xx_HAL_Driver/Src/stm32f4xx_hal_gpio.o
 .debug_ranges  0x00000000000004e0       0x78 ./Drivers/STM32F4xx_HAL_Driver/Src/stm32f4xx_hal_rcc.o
 .debug_ranges  0x0000000000000558       0x78 ./Drivers/STM32F4xx_HAL_Driver/Src/stm32f4xx_hal_rng.o
 .debug_ranges  0x00000000000005d0      0x1c0 ./Drivers/STM32F4xx_HAL_Driver/Src/stm32f4xx_hal_spi.o
 .debug_ranges  0x0000000000000790      0x220 ./Drivers/STM32F4xx_HAL_Driver/Src/stm32f4xx_hal_uart.o
 .debug_ranges  0x00000000000009b0       0x30 ./FreeRTOS/list.o
 .debug_ranges  0x00000000000009e0      0x120 ./FreeRTOS/queue.o
 .debug_ranges  0x0000000000000b00      0x1d8 ./FreeRTOS/tasks.o
 .debug_ranges  0x0000000000000cd8       0xc0 ./FreeRTOS/timers.o
 .debug_ranges  0x0000000000000d98       0x70 ./FreeRTOS/portable/ARM_CM4F/port.o
 .debug_ranges  0x0000000000000e08       0x40 ./FreeRTOS/portable/heap_4.o

.debug_macro    0x0000000000000000    0x22e25
 .debug_macro   0x0000000000000000      0x1f5 ./Core/Src/ILI9341_GFX.o
 .debug_macro   0x00000000000001f5      0xaa8 ./Core/Src/ILI9341_GFX.o
 .debug_macro   0x0000000000000c9d      0x2a1 ./Core/Src/ILI9341_GFX.o
 .debug_macro   0x0000000000000f3e       0x2e ./Core/Src/ILI9341_GFX.o
 .debug_macro   0x0000000000000f6c       0x2f ./Core/Src/ILI9341_GFX.o
 .debug_macro   0x0000000000000f9b       0x22 ./Core/Src/ILI9341_GFX.o
 .debug_macro   0x0000000000000fbd       0x8e ./Core/Src/ILI9341_GFX.o
 .debug_macro   0x000000000000104b       0x51 ./Core/Src/ILI9341_GFX.o
 .debug_macro   0x000000000000109c      0x103 ./Core/Src/ILI9341_GFX.o
 .debug_macro   0x000000000000119f       0x6a ./Core/Src/ILI9341_GFX.o
 .debug_macro   0x0000000000001209      0x1df ./Core/Src/ILI9341_GFX.o
 .debug_macro   0x00000000000013e8       0x1c ./Core/Src/ILI9341_GFX.o
 .debug_macro   0x0000000000001404       0x22 ./Core/Src/ILI9341_GFX.o
 .debug_macro   0x0000000000001426       0xdf ./Core/Src/ILI9341_GFX.o
 .debug_macro   0x0000000000001505     0x102d ./Core/Src/ILI9341_GFX.o
 .debug_macro   0x0000000000002532      0x11f ./Core/Src/ILI9341_GFX.o
 .debug_macro   0x0000000000002651    0x15e58 ./Core/Src/ILI9341_GFX.o
 .debug_macro   0x00000000000184a9       0x6d ./Core/Src/ILI9341_GFX.o
 .debug_macro   0x0000000000018516     0x3666 ./Core/Src/ILI9341_GFX.o
 .debug_macro   0x000000000001bb7c      0x174 ./Core/Src/ILI9341_GFX.o
 .debug_macro   0x000000000001bcf0       0x5c ./Core/Src/ILI9341_GFX.o
 .debug_macro   0x000000000001bd4c      0x96b ./Core/Src/ILI9341_GFX.o
 .debug_macro   0x000000000001c6b7      0x9fe ./Core/Src/ILI9341_GFX.o
 .debug_macro   0x000000000001d0b5      0x116 ./Core/Src/ILI9341_GFX.o
 .debug_macro   0x000000000001d1cb      0x13e ./Core/Src/ILI9341_GFX.o
 .debug_macro   0x000000000001d309       0xa5 ./Core/Src/ILI9341_GFX.o
 .debug_macro   0x000000000001d3ae      0x174 ./Core/Src/ILI9341_GFX.o
 .debug_macro   0x000000000001d522      0x287 ./Core/Src/ILI9341_GFX.o
 .debug_macro   0x000000000001d7a9       0x5f ./Core/Src/ILI9341_GFX.o
 .debug_macro   0x000000000001d808      0x236 ./Core/Src/ILI9341_GFX.o
 .debug_macro   0x000000000001da3e      0x12c ./Core/Src/ILI9341_GFX.o
 .debug_macro   0x000000000001db6a      0x21e ./Core/Src/ILI9341_GFX.o
 .debug_macro   0x000000000001dd88       0x2e ./Core/Src/ILI9341_GFX.o
 .debug_macro   0x000000000001ddb6      0x11a ./Core/Src/ILI9341_GFX.o
 .debug_macro   0x000000000001ded0       0x7e ./Core/Src/ILI9341_GFX.o
 .debug_macro   0x000000000001df4e       0x89 ./Core/Src/ILI9341_GFX.o
 .debug_macro   0x000000000001dfd7       0xa4 ./Core/Src/ILI9341_GFX.o
 .debug_macro   0x000000000001e07b      0x225 ./Core/Src/ILI9341_GFX.o
 .debug_macro   0x000000000001e2a0      0x295 ./Core/Src/ILI9341_GFX.o
 .debug_macro   0x000000000001e535      0x12d ./Core/Src/ILI9341_GFX.o
 .debug_macro   0x000000000001e662       0xe2 ./Core/Src/ILI9341_GFX.o
 .debug_macro   0x000000000001e744       0x22 ./Core/Src/ILI9341_GFX.o
 .debug_macro   0x000000000001e766       0x10 ./Core/Src/ILI9341_GFX.o
 .debug_macro   0x000000000001e776      0x245 ./Core/Src/ILI9341_STM32_Driver.o
 .debug_macro   0x000000000001e9bb      0x106 ./Core/Src/ILI9341_STM32_Driver.o
 .debug_macro   0x000000000001eac1      0x15a ./Core/Src/ILI9341_STM32_Driver.o
 .debug_macro   0x000000000001ec1b       0xe4 ./Core/Src/ILI9341_STM32_Driver.o
 .debug_macro   0x000000000001ecff       0x1c ./Core/Src/ILI9341_STM32_Driver.o
 .debug_macro   0x000000000001ed1b       0x26 ./Core/Src/ILI9341_STM32_Driver.o
 .debug_macro   0x000000000001ed41      0x4d3 ./Core/Src/ILI9341_STM32_Driver.o
 .debug_macro   0x000000000001f214       0xb5 ./Core/Src/ILI9341_STM32_Driver.o
 .debug_macro   0x000000000001f2c9       0xaa ./Core/Src/ILI9341_STM32_Driver.o
 .debug_macro   0x000000000001f373      0x205 ./Core/Src/ILI9341_Touch.o
 .debug_macro   0x000000000001f578       0x72 ./Core/Src/fonts.o
 .debug_macro   0x000000000001f5ea       0x1c ./Core/Src/fonts.o
 .debug_macro   0x000000000001f606      0x42f ./Core/Src/main.o
 .debug_macro   0x000000000001fa35       0x46 ./Core/Src/main.o
 .debug_macro   0x000000000001fa7b       0x80 ./Core/Src/main.o
 .debug_macro   0x000000000001fafb       0x7e ./Core/Src/main.o
 .debug_macro   0x000000000001fb79       0x52 ./Core/Src/main.o
 .debug_macro   0x000000000001fbcb       0x18 ./Core/Src/main.o
 .debug_macro   0x000000000001fbe3       0x3c ./Core/Src/main.o
 .debug_macro   0x000000000001fc1f       0x34 ./Core/Src/main.o
 .debug_macro   0x000000000001fc53       0x16 ./Core/Src/main.o
 .debug_macro   0x000000000001fc69       0x35 ./Core/Src/main.o
 .debug_macro   0x000000000001fc9e      0x333 ./Core/Src/main.o
 .debug_macro   0x000000000001ffd1       0x10 ./Core/Src/main.o
 .debug_macro   0x000000000001ffe1       0x16 ./Core/Src/main.o
 .debug_macro   0x000000000001fff7       0x43 ./Core/Src/main.o
 .debug_macro   0x000000000002003a       0x34 ./Core/Src/main.o
 .debug_macro   0x000000000002006e       0x10 ./Core/Src/main.o
 .debug_macro   0x000000000002007e       0x58 ./Core/Src/main.o
 .debug_macro   0x00000000000200d6       0x71 ./Core/Src/main.o
 .debug_macro   0x0000000000020147       0x1c ./Core/Src/main.o
 .debug_macro   0x0000000000020163      0x12a ./Core/Src/main.o
 .debug_macro   0x000000000002028d       0x10 ./Core/Src/main.o
 .debug_macro   0x000000000002029d       0x1c ./Core/Src/main.o
 .debug_macro   0x00000000000202b9       0x52 ./Core/Src/main.o
 .debug_macro   0x000000000002030b       0x22 ./Core/Src/main.o
 .debug_macro   0x000000000002032d       0x10 ./Core/Src/main.o
 .debug_macro   0x000000000002033d       0x40 ./Core/Src/main.o
 .debug_macro   0x000000000002037d       0xd5 ./Core/Src/main.o
 .debug_macro   0x0000000000020452       0x1c ./Core/Src/main.o
 .debug_macro   0x000000000002046e       0x3d ./Core/Src/main.o
 .debug_macro   0x00000000000204ab       0x16 ./Core/Src/main.o
 .debug_macro   0x00000000000204c1      0x145 ./Core/Src/main.o
 .debug_macro   0x0000000000020606       0x16 ./Core/Src/main.o
 .debug_macro   0x000000000002061c       0x20 ./Core/Src/main.o
 .debug_macro   0x000000000002063c       0xe8 ./Core/Src/main.o
 .debug_macro   0x0000000000020724      0x1dd ./Core/Src/stm32f4xx_hal_msp.o
 .debug_macro   0x0000000000020901      0x1e7 ./Core/Src/stm32f4xx_it.o
 .debug_macro   0x0000000000020ae8      0x1d4 ./Core/Src/system_stm32f4xx.o
 .debug_macro   0x0000000000020cbc      0x22e ./Drivers/STM32F4xx_HAL_Driver/Src/stm32f4xx_hal.o
 .debug_macro   0x0000000000020eea      0x1ce ./Drivers/STM32F4xx_HAL_Driver/Src/stm32f4xx_hal_cortex.o
 .debug_macro   0x00000000000210b8      0x1d4 ./Drivers/STM32F4xx_HAL_Driver/Src/stm32f4xx_hal_dma.o
 .debug_macro   0x000000000002128c      0x1d4 ./Drivers/STM32F4xx_HAL_Driver/Src/stm32f4xx_hal_gpio.o
 .debug_macro   0x0000000000021460      0x1f2 ./Drivers/STM32F4xx_HAL_Driver/Src/stm32f4xx_hal_rcc.o
 .debug_macro   0x0000000000021652      0x1d4 ./Drivers/STM32F4xx_HAL_Driver/Src/stm32f4xx_hal_rng.o
 .debug_macro   0x0000000000021826      0x1dd ./Drivers/STM32F4xx_HAL_Driver/Src/stm32f4xx_hal_spi.o
 .debug_macro   0x0000000000021a03      0x1cf ./Drivers/STM32F4xx_HAL_Driver/Src/stm32f4xx_hal_uart.o
 .debug_macro   0x0000000000021bd2      0x187 ./FreeRTOS/list.o
 .debug_macro   0x0000000000021d59      0x37d ./FreeRTOS/queue.o
 .debug_macro   0x00000000000220d6      0x3e0 ./FreeRTOS/tasks.o
 .debug_macro   0x00000000000224b6       0x10 ./FreeRTOS/tasks.o
 .debug_macro   0x00000000000224c6      0x34d ./FreeRTOS/timers.o
 .debug_macro   0x0000000000022813      0x2fd ./FreeRTOS/portable/ARM_CM4F/port.o
 .debug_macro   0x0000000000022b10      0x315 ./FreeRTOS/portable/heap_4.o

.debug_line     0x0000000000000000    0x1364b
 .debug_line    0x0000000000000000      0xa10 ./Core/Src/ILI9341_GFX.o
 .debug_line    0x0000000000000a10      0xbaf ./Core/Src/ILI9341_STM32_Driver.o
 .debug_line    0x00000000000015bf      0x7de ./Core/Src/ILI9341_Touch.o
 .debug_line    0x0000000000001d9d      0x38a ./Core/Src/fonts.o
 .debug_line    0x0000000000002127      0xd06 ./Core/Src/main.o
 .debug_line    0x0000000000002e2d      0x7f2 ./Core/Src/stm32f4xx_hal_msp.o
 .debug_line    0x000000000000361f      0x78a ./Core/Src/stm32f4xx_it.o
 .debug_line    0x0000000000003da9      0x766 ./Core/Src/system_stm32f4xx.o
 .debug_line    0x000000000000450f       0x84 ./Core/startup/startup_stm32f407xx.o
 .debug_line    0x0000000000004593      0x9ab ./Drivers/STM32F4xx_HAL_Driver/Src/stm32f4xx_hal.o
 .debug_line    0x0000000000004f3e      0xc5a ./Drivers/STM32F4xx_HAL_Driver/Src/stm32f4xx_hal_cortex.o
 .debug_line    0x0000000000005b98      0xf10 ./Drivers/STM32F4xx_HAL_Driver/Src/stm32f4xx_hal_dma.o
 .debug_line    0x0000000000006aa8      0xb21 ./Drivers/STM32F4xx_HAL_Driver/Src/stm32f4xx_hal_gpio.o
 .debug_line    0x00000000000075c9      0xd27 ./Drivers/STM32F4xx_HAL_Driver/Src/stm32f4xx_hal_rcc.o
 .debug_line    0x00000000000082f0      0x93a ./Drivers/STM32F4xx_HAL_Driver/Src/stm32f4xx_hal_rng.o
 .debug_line    0x0000000000008c2a     0x1c33 ./Drivers/STM32F4xx_HAL_Driver/Src/stm32f4xx_hal_spi.o
 .debug_line    0x000000000000a85d     0x2a32 ./Drivers/STM32F4xx_HAL_Driver/Src/stm32f4xx_hal_uart.o
 .debug_line    0x000000000000d28f      0x70c ./FreeRTOS/list.o
 .debug_line    0x000000000000d99b     0x1832 ./FreeRTOS/queue.o
 .debug_line    0x000000000000f1cd     0x1e48 ./FreeRTOS/tasks.o
 .debug_line    0x0000000000011015      0xf3d ./FreeRTOS/timers.o
 .debug_line    0x0000000000011f52      0xb1d ./FreeRTOS/portable/ARM_CM4F/port.o
 .debug_line    0x0000000000012a6f      0xbdc ./FreeRTOS/portable/heap_4.o

.debug_str      0x0000000000000000    0xcd6f4
 .debug_str     0x0000000000000000    0xbe680 ./Core/Src/ILI9341_GFX.o
                                      0xbe9c4 (size before relaxing)
 .debug_str     0x00000000000be680     0x41b4 ./Core/Src/ILI9341_STM32_Driver.o
                                      0xc293c (size before relaxing)
 .debug_str     0x00000000000c2834      0x193 ./Core/Src/ILI9341_Touch.o
                                      0xbea35 (size before relaxing)
 .debug_str     0x00000000000c29c7       0x14 ./Core/Src/fonts.o
                                       0x3d82 (size before relaxing)
 .debug_str     0x00000000000c29db     0x58e9 ./Core/Src/main.o
                                      0xc82a8 (size before relaxing)
 .debug_str     0x00000000000c82c4       0x9a ./Core/Src/stm32f4xx_hal_msp.o
                                      0xbef1b (size before relaxing)
 .debug_str     0x00000000000c835e       0xcf ./Core/Src/stm32f4xx_it.o
                                      0xbe6a5 (size before relaxing)
 .debug_str     0x00000000000c842d       0xc4 ./Core/Src/system_stm32f4xx.o
                                      0xbe22b (size before relaxing)
 .debug_str     0x00000000000c84f1       0x34 ./Core/startup/startup_stm32f407xx.o
                                         0x5f (size before relaxing)
 .debug_str     0x00000000000c8525      0x583 ./Drivers/STM32F4xx_HAL_Driver/Src/stm32f4xx_hal.o
                                      0xbecf8 (size before relaxing)
 .debug_str     0x00000000000c8aa8      0x392 ./Drivers/STM32F4xx_HAL_Driver/Src/stm32f4xx_hal_cortex.o
                                      0xbeae7 (size before relaxing)
 .debug_str     0x00000000000c8e3a      0x31a ./Drivers/STM32F4xx_HAL_Driver/Src/stm32f4xx_hal_dma.o
                                      0xbe640 (size before relaxing)
 .debug_str     0x00000000000c9154      0x15a ./Drivers/STM32F4xx_HAL_Driver/Src/stm32f4xx_hal_gpio.o
                                      0xbe3bd (size before relaxing)
 .debug_str     0x00000000000c92ae      0x259 ./Drivers/STM32F4xx_HAL_Driver/Src/stm32f4xx_hal_rcc.o
                                      0xbe618 (size before relaxing)
 .debug_str     0x00000000000c9507      0x175 ./Drivers/STM32F4xx_HAL_Driver/Src/stm32f4xx_hal_rng.o
                                      0xbe341 (size before relaxing)
 .debug_str     0x00000000000c967c      0x55d ./Drivers/STM32F4xx_HAL_Driver/Src/stm32f4xx_hal_spi.o
                                      0xbeaba (size before relaxing)
 .debug_str     0x00000000000c9bd9      0x5fb ./Drivers/STM32F4xx_HAL_Driver/Src/stm32f4xx_hal_uart.o
                                      0xbeb9e (size before relaxing)
 .debug_str     0x00000000000ca1d4      0x23a ./FreeRTOS/list.o
                                       0xab3f (size before relaxing)
 .debug_str     0x00000000000ca40e      0x8d8 ./FreeRTOS/queue.o
                                      0xc66bb (size before relaxing)
 .debug_str     0x00000000000cace6     0x1b07 ./FreeRTOS/tasks.o
                                      0xc7342 (size before relaxing)
 .debug_str     0x00000000000cc7ed      0x4fd ./FreeRTOS/timers.o
                                      0xc6ab8 (size before relaxing)
 .debug_str     0x00000000000cccea      0x7e0 ./FreeRTOS/portable/ARM_CM4F/port.o
                                      0xc2b2a (size before relaxing)
 .debug_str     0x00000000000cd4ca      0x22a ./FreeRTOS/portable/heap_4.o
                                      0xc57a0 (size before relaxing)

.comment        0x0000000000000000       0x53
 .comment       0x0000000000000000       0x53 ./Core/Src/ILI9341_GFX.o
                                         0x54 (size before relaxing)
 .comment       0x0000000000000053       0x54 ./Core/Src/ILI9341_STM32_Driver.o
 .comment       0x0000000000000053       0x54 ./Core/Src/ILI9341_Touch.o
 .comment       0x0000000000000053       0x54 ./Core/Src/fonts.o
 .comment       0x0000000000000053       0x54 ./Core/Src/main.o
 .comment       0x0000000000000053       0x54 ./Core/Src/stm32f4xx_hal_msp.o
 .comment       0x0000000000000053       0x54 ./Core/Src/stm32f4xx_it.o
 .comment       0x0000000000000053       0x54 ./Core/Src/system_stm32f4xx.o
 .comment       0x0000000000000053       0x54 ./Drivers/STM32F4xx_HAL_Driver/Src/stm32f4xx_hal.o
 .comment       0x0000000000000053       0x54 ./Drivers/STM32F4xx_HAL_Driver/Src/stm32f4xx_hal_cortex.o
 .comment       0x0000000000000053       0x54 ./Drivers/STM32F4xx_HAL_Driver/Src/stm32f4xx_hal_dma.o
 .comment       0x0000000000000053       0x54 ./Drivers/STM32F4xx_HAL_Driver/Src/stm32f4xx_hal_gpio.o
 .comment       0x0000000000000053       0x54 ./Drivers/STM32F4xx_HAL_Driver/Src/stm32f4xx_hal_rcc.o
 .comment       0x0000000000000053       0x54 ./Drivers/STM32F4xx_HAL_Driver/Src/stm32f4xx_hal_rng.o
 .comment       0x0000000000000053       0x54 ./Drivers/STM32F4xx_HAL_Driver/Src/stm32f4xx_hal_spi.o
 .comment       0x0000000000000053       0x54 ./Drivers/STM32F4xx_HAL_Driver/Src/stm32f4xx_hal_uart.o
 .comment       0x0000000000000053       0x54 ./FreeRTOS/list.o
 .comment       0x0000000000000053       0x54 ./FreeRTOS/queue.o
 .comment       0x0000000000000053       0x54 ./FreeRTOS/tasks.o
 .comment       0x0000000000000053       0x54 ./FreeRTOS/timers.o
 .comment       0x0000000000000053       0x54 ./FreeRTOS/portable/ARM_CM4F/port.o
 .comment       0x0000000000000053       0x54 ./FreeRTOS/portable/heap_4.o

.debug_frame    0x0000000000000000     0x3eb4
 .debug_frame   0x0000000000000000      0x14c ./Core/Src/ILI9341_GFX.o
 .debug_frame   0x000000000000014c      0x294 ./Core/Src/ILI9341_STM32_Driver.o
 .debug_frame   0x00000000000003e0       0x7c ./Core/Src/ILI9341_Touch.o
 .debug_frame   0x000000000000045c      0x188 ./Core/Src/main.o
 .debug_frame   0x00000000000005e4      0x118 ./Core/Src/stm32f4xx_hal_msp.o
 .debug_frame   0x00000000000006fc      0x104 ./Core/Src/stm32f4xx_it.o
 .debug_frame   0x0000000000000800       0x58 ./Core/Src/system_stm32f4xx.o
 .debug_frame   0x0000000000000858      0x374 ./Drivers/STM32F4xx_HAL_Driver/Src/stm32f4xx_hal.o
 .debug_frame   0x0000000000000bcc      0x498 ./Drivers/STM32F4xx_HAL_Driver/Src/stm32f4xx_hal_cortex.o
 .debug_frame   0x0000000000001064      0x250 ./Drivers/STM32F4xx_HAL_Driver/Src/stm32f4xx_hal_dma.o
 .debug_frame   0x00000000000012b4      0x14c ./Drivers/STM32F4xx_HAL_Driver/Src/stm32f4xx_hal_gpio.o
 .debug_frame   0x0000000000001400      0x1f0 ./Drivers/STM32F4xx_HAL_Driver/Src/stm32f4xx_hal_rcc.o
 .debug_frame   0x00000000000015f0      0x22c ./Drivers/STM32F4xx_HAL_Driver/Src/stm32f4xx_hal_rng.o
 .debug_frame   0x000000000000181c      0x824 ./Drivers/STM32F4xx_HAL_Driver/Src/stm32f4xx_hal_spi.o
 .debug_frame   0x0000000000002040      0x92c ./Drivers/STM32F4xx_HAL_Driver/Src/stm32f4xx_hal_uart.o
 .debug_frame   0x000000000000296c       0xd8 ./FreeRTOS/list.o
 .debug_frame   0x0000000000002a44      0x530 ./FreeRTOS/queue.o
 .debug_frame   0x0000000000002f74      0x854 ./FreeRTOS/tasks.o
 .debug_frame   0x00000000000037c8      0x368 ./FreeRTOS/timers.o
 .debug_frame   0x0000000000003b30      0x1a8 ./FreeRTOS/portable/ARM_CM4F/port.o
 .debug_frame   0x0000000000003cd8      0x108 ./FreeRTOS/portable/heap_4.o
 .debug_frame   0x0000000000003de0       0x2c c:/st/stm32cubeide_1.8.0/stm32cubeide/plugins/com.st.stm32cube.ide.mcu.externaltools.gnu-tools-for-stm32.9-2020-q2-update.win32_2.0.0.202105311346/tools/bin/../lib/gcc/arm-none-eabi/9.3.1/../../../../arm-none-eabi/lib/thumb/v7e-m+fp/hard\libc_nano.a(lib_a-init.o)
 .debug_frame   0x0000000000003e0c       0x28 c:/st/stm32cubeide_1.8.0/stm32cubeide/plugins/com.st.stm32cube.ide.mcu.externaltools.gnu-tools-for-stm32.9-2020-q2-update.win32_2.0.0.202105311346/tools/bin/../lib/gcc/arm-none-eabi/9.3.1/../../../../arm-none-eabi/lib/thumb/v7e-m+fp/hard\libc_nano.a(lib_a-memcpy-stub.o)
 .debug_frame   0x0000000000003e34       0x20 c:/st/stm32cubeide_1.8.0/stm32cubeide/plugins/com.st.stm32cube.ide.mcu.externaltools.gnu-tools-for-stm32.9-2020-q2-update.win32_2.0.0.202105311346/tools/bin/../lib/gcc/arm-none-eabi/9.3.1/../../../../arm-none-eabi/lib/thumb/v7e-m+fp/hard\libc_nano.a(lib_a-memset.o)
 .debug_frame   0x0000000000003e54       0x2c c:/st/stm32cubeide_1.8.0/stm32cubeide/plugins/com.st.stm32cube.ide.mcu.externaltools.gnu-tools-for-stm32.9-2020-q2-update.win32_2.0.0.202105311346/tools/bin/../lib/gcc/arm-none-eabi/9.3.1/thumb/v7e-m+fp/hard\libgcc.a(_aeabi_uldivmod.o)
 .debug_frame   0x0000000000003e80       0x34 c:/st/stm32cubeide_1.8.0/stm32cubeide/plugins/com.st.stm32cube.ide.mcu.externaltools.gnu-tools-for-stm32.9-2020-q2-update.win32_2.0.0.202105311346/tools/bin/../lib/gcc/arm-none-eabi/9.3.1/thumb/v7e-m+fp/hard\libgcc.a(_udivmoddi4.o)
